Component: ARM Compiler 5.06 update 7 (build 960) Tool: armlink [4d3601]

==============================================================================

Section Cross References

    startup_stm32h723xx.o(STACK) refers (Special) to heapauxi.o(.text) for __use_two_region_memory
    startup_stm32h723xx.o(HEAP) refers (Special) to heapauxi.o(.text) for __use_two_region_memory
    startup_stm32h723xx.o(RESET) refers (Special) to heapauxi.o(.text) for __use_two_region_memory
    startup_stm32h723xx.o(RESET) refers to startup_stm32h723xx.o(STACK) for __initial_sp
    startup_stm32h723xx.o(RESET) refers to startup_stm32h723xx.o(.text) for Reset_Handler
    startup_stm32h723xx.o(RESET) refers to stm32h7xx_it.o(i.NMI_Handler) for NMI_Handler
    startup_stm32h723xx.o(RESET) refers to stm32h7xx_it.o(i.HardFault_Handler) for HardFault_Handler
    startup_stm32h723xx.o(RESET) refers to stm32h7xx_it.o(i.MemManage_Handler) for MemManage_Handler
    startup_stm32h723xx.o(RESET) refers to stm32h7xx_it.o(i.BusFault_Handler) for BusFault_Handler
    startup_stm32h723xx.o(RESET) refers to stm32h7xx_it.o(i.UsageFault_Handler) for UsageFault_Handler
    startup_stm32h723xx.o(RESET) refers to stm32h7xx_it.o(i.SVC_Handler) for SVC_Handler
    startup_stm32h723xx.o(RESET) refers to stm32h7xx_it.o(i.DebugMon_Handler) for DebugMon_Handler
    startup_stm32h723xx.o(RESET) refers to stm32h7xx_it.o(i.PendSV_Handler) for PendSV_Handler
    startup_stm32h723xx.o(RESET) refers to stm32h7xx_it.o(i.SysTick_Handler) for SysTick_Handler
    startup_stm32h723xx.o(RESET) refers to stm32h7xx_it.o(i.DMA1_Stream4_IRQHandler) for DMA1_Stream4_IRQHandler
    startup_stm32h723xx.o(RESET) refers to stm32h7xx_it.o(i.USART1_IRQHandler) for USART1_IRQHandler
    startup_stm32h723xx.o(RESET) refers to stm32h7xx_it.o(i.TIM7_IRQHandler) for TIM7_IRQHandler
    startup_stm32h723xx.o(.text) refers (Special) to heapauxi.o(.text) for __use_two_region_memory
    startup_stm32h723xx.o(.text) refers to system_stm32h7xx.o(i.ExitRun0Mode) for ExitRun0Mode
    startup_stm32h723xx.o(.text) refers to system_stm32h7xx.o(i.SystemInit) for SystemInit
    startup_stm32h723xx.o(.text) refers to __main.o(!!!main) for __main
    startup_stm32h723xx.o(.text) refers to startup_stm32h723xx.o(HEAP) for Heap_Mem
    startup_stm32h723xx.o(.text) refers to startup_stm32h723xx.o(STACK) for Stack_Mem
    main.o(i.MPU_Config) refers to stm32h7xx_hal_cortex.o(i.HAL_MPU_Disable) for HAL_MPU_Disable
    main.o(i.MPU_Config) refers to stm32h7xx_hal_cortex.o(i.HAL_MPU_ConfigRegion) for HAL_MPU_ConfigRegion
    main.o(i.MPU_Config) refers to stm32h7xx_hal_cortex.o(i.HAL_MPU_Enable) for HAL_MPU_Enable
    main.o(i.SystemClock_Config) refers to rt_memclr_w.o(.text) for __aeabi_memclr4
    main.o(i.SystemClock_Config) refers to stm32h7xx_hal_pwr_ex.o(i.HAL_PWREx_ConfigSupply) for HAL_PWREx_ConfigSupply
    main.o(i.SystemClock_Config) refers to stm32h7xx_hal_rcc.o(i.HAL_RCC_OscConfig) for HAL_RCC_OscConfig
    main.o(i.SystemClock_Config) refers to main.o(i.Error_Handler) for Error_Handler
    main.o(i.SystemClock_Config) refers to stm32h7xx_hal_rcc.o(i.HAL_RCC_ClockConfig) for HAL_RCC_ClockConfig
    main.o(i.main) refers to stm32h7xx_hal.o(i.HAL_Init) for HAL_Init
    main.o(i.main) refers to main.o(i.SystemClock_Config) for SystemClock_Config
    main.o(i.main) refers to gpio.o(i.MX_GPIO_Init) for MX_GPIO_Init
    main.o(i.main) refers to dma.o(i.MX_DMA_Init) for MX_DMA_Init
    main.o(i.main) refers to parameter.o(i.read_cs_data) for read_cs_data
    main.o(i.main) refers to stmflash.o(i.STMFLASH_Read) for STMFLASH_Read
    main.o(i.main) refers to spi.o(i.MX_SPI2_Init) for MX_SPI2_Init
    main.o(i.main) refers to spi.o(i.MX_SPI3_Init) for MX_SPI3_Init
    main.o(i.main) refers to spi.o(i.MX_SPI4_Init) for MX_SPI4_Init
    main.o(i.main) refers to spi.o(i.MX_SPI6_Init) for MX_SPI6_Init
    main.o(i.main) refers to usart.o(i.MX_USART1_UART_Init) for MX_USART1_UART_Init
    main.o(i.main) refers to stm32h7xx_hal_uart.o(i.HAL_UART_Receive_IT) for HAL_UART_Receive_IT
    main.o(i.main) refers to tim.o(i.MX_TIM7_Init) for MX_TIM7_Init
    main.o(i.main) refers to mt6agcs.o(i.MT6_Init) for MT6_Init
    main.o(i.main) refers to tim.o(i.MX_TIM2_Init) for MX_TIM2_Init
    main.o(i.main) refers to stm32h7xx_hal_tim.o(i.HAL_TIM_Base_Start) for HAL_TIM_Base_Start
    main.o(i.main) refers to mt6agcs.o(i.MT6_ReadData) for MT6_ReadData
    main.o(i.main) refers to calibration.o(i.imuProcess) for imuProcess
    main.o(i.main) refers to mt6agcs.o(i.Frame_Protocol_Packet_Send1) for Frame_Protocol_Packet_Send1
    main.o(i.main) refers to mt6agcs.o(i.Frame_Protocol_Packet_Send3) for Frame_Protocol_Packet_Send3
    main.o(i.main) refers to mt6agcs.o(i.Frame_Protocol_Packet_Send2) for Frame_Protocol_Packet_Send2
    main.o(i.main) refers to uart_x.o(.data) for ul_CmdData
    main.o(i.main) refers to usart.o(.bss) for huart1
    main.o(i.main) refers to tim.o(.bss) for htim2
[...]
    __rt_lib_init_lc_monetary_1              0x080203bf   Thumb Code     0  libinit2.o(.ARM.Collect$$libinit$$00000015)
    __rt_lib_init_lc_numeric_2               0x080203bf   Thumb Code     0  libinit2.o(.ARM.Collect$$libinit$$00000016)
    __rt_lib_init_alloca_1                   0x080203c9   Thumb Code     0  libinit2.o(.ARM.Collect$$libinit$$0000002E)
    __rt_lib_init_argv_1                     0x080203c9   Thumb Code     0  libinit2.o(.ARM.Collect$$libinit$$0000002C)
    __rt_lib_init_atexit_1                   0x080203c9   Thumb Code     0  libinit2.o(.ARM.Collect$$libinit$$0000001B)
    __rt_lib_init_clock_1                    0x080203c9   Thumb Code     0  libinit2.o(.ARM.Collect$$libinit$$00000021)
    __rt_lib_init_cpp_1                      0x080203c9   Thumb Code     0  libinit2.o(.ARM.Collect$$libinit$$00000032)
    __rt_lib_init_exceptions_1               0x080203c9   Thumb Code     0  libinit2.o(.ARM.Collect$$libinit$$00000030)
    __rt_lib_init_fp_trap_1                  0x080203c9   Thumb Code     0  libinit2.o(.ARM.Collect$$libinit$$0000001F)
    __rt_lib_init_getenv_1                   0x080203c9   Thumb Code     0  libinit2.o(.ARM.Collect$$libinit$$00000023)
    __rt_lib_init_lc_numeric_1               0x080203c9   Thumb Code     0  libinit2.o(.ARM.Collect$$libinit$$00000017)
    __rt_lib_init_lc_time_1                  0x080203c9   Thumb Code     0  libinit2.o(.ARM.Collect$$libinit$$00000019)
    __rt_lib_init_return                     0x080203c9   Thumb Code     0  libinit2.o(.ARM.Collect$$libinit$$00000033)
    __rt_lib_init_signal_1                   0x080203c9   Thumb Code     0  libinit2.o(.ARM.Collect$$libinit$$0000001D)
    __rt_lib_init_stdio_1                    0x080203c9   Thumb Code     0  libinit2.o(.ARM.Collect$$libinit$$00000025)
    __rt_lib_shutdown                        0x080203cb   Thumb Code     0  libshutdown.o(.ARM.Collect$$libshutdown$$00000000)
    __rt_lib_shutdown_cpp_1                  0x080203cd   Thumb Code     0  libshutdown2.o(.ARM.Collect$$libshutdown$$00000004)
    __rt_lib_shutdown_fini_1                 0x080203cd   Thumb Code     0  libshutdown2.o(.ARM.Collect$$libshutdown$$00000002)
    __rt_lib_shutdown_fp_trap_1              0x080203cd   Thumb Code     0  libshutdown2.o(.ARM.Collect$$libshutdown$$00000009)
    __rt_lib_shutdown_heap_1                 0x080203cd   Thumb Code     0  libshutdown2.o(.ARM.Collect$$libshutdown$$00000011)
    __rt_lib_shutdown_return                 0x080203cd   Thumb Code     0  libshutdown2.o(.ARM.Collect$$libshutdown$$00000012)
    __rt_lib_shutdown_signal_1               0x080203cd   Thumb Code     0  libshutdown2.o(.ARM.Collect$$libshutdown$$0000000C)
    __rt_lib_shutdown_stdio_1                0x080203cd   Thumb Code     0  libshutdown2.o(.ARM.Collect$$libshutdown$$00000006)
    __rt_lib_shutdown_user_alloc_1           0x080203cd   Thumb Code     0  libshutdown2.o(.ARM.Collect$$libshutdown$$0000000E)
    __rt_entry                               0x080203cf   Thumb Code     0  __rtentry.o(.ARM.Collect$$rtentry$$00000000)
    __rt_entry_presh_1                       0x080203cf   Thumb Code     0  __rtentry2.o(.ARM.Collect$$rtentry$$00000002)
    __rt_entry_sh                            0x080203cf   Thumb Code     0  __rtentry4.o(.ARM.Collect$$rtentry$$00000004)
    __rt_entry_li                            0x080203d5   Thumb Code     0  __rtentry2.o(.ARM.Collect$$rtentry$$0000000A)
    __rt_entry_postsh_1                      0x080203d5   Thumb Code     0  __rtentry2.o(.ARM.Collect$$rtentry$$00000009)
    __rt_entry_main                          0x080203d9   Thumb Code     0  __rtentry2.o(.ARM.Collect$$rtentry$$0000000D)
    __rt_entry_postli_1                      0x080203d9   Thumb Code     0  __rtentry2.o(.ARM.Collect$$rtentry$$0000000C)
    __rt_exit                                0x080203e1   Thumb Code     0  rtexit.o(.ARM.Collect$$rtexit$$00000000)
    __rt_exit_ls                             0x080203e3   Thumb Code     0  rtexit2.o(.ARM.Collect$$rtexit$$00000003)
    __rt_exit_prels_1                        0x080203e3   Thumb Code     0  rtexit2.o(.ARM.Collect$$rtexit$$00000002)
    __rt_exit_exit                           0x080203e7   Thumb Code     0  rtexit2.o(.ARM.Collect$$rtexit$$00000004)
    Reset_Handler                            0x080203ed   Thumb Code    12  startup_stm32h723xx.o(.text)
    ADC3_IRQHandler                          0x0802040b   Thumb Code     0  startup_stm32h723xx.o(.text)
    ADC_IRQHandler                           0x0802040b   Thumb Code     0  startup_stm32h723xx.o(.text)
    BDMA_Channel0_IRQHandler                 0x0802040b   Thumb Code     0  startup_stm32h723xx.o(.text)
    BDMA_Channel1_IRQHandler                 0x0802040b   Thumb Code     0  startup_stm32h723xx.o(.text)
    BDMA_Channel2_IRQHandler                 0x0802040b   Thumb Code     0  startup_stm32h723xx.o(.text)
    BDMA_Channel3_IRQHandler                 0x0802040b   Thumb Code     0  startup_stm32h723xx.o(.text)
    BDMA_Channel4_IRQHandler                 0x0802040b   Thumb Code     0  startup_stm32h723xx.o(.text)
    BDMA_Channel5_IRQHandler                 0x0802040b   Thumb Code     0  startup_stm32h723xx.o(.text)
    BDMA_Channel6_IRQHandler                 0x0802040b   Thumb Code     0  startup_stm32h723xx.o(.text)
    BDMA_Channel7_IRQHandler                 0x0802040b   Thumb Code     0  startup_stm32h723xx.o(.text)
    CEC_IRQHandler                           0x0802040b   Thumb Code     0  startup_stm32h723xx.o(.text)
    COMP1_IRQHandler                         0x0802040b   Thumb Code     0  startup_stm32h723xx.o(.text)
    CORDIC_IRQHandler                        0x0802040b   Thumb Code     0  startup_stm32h723xx.o(.text)
    CRS_IRQHandler                           0x0802040b   Thumb Code     0  startup_stm32h723xx.o(.text)
    DCMI_PSSI_IRQHandler                     0x0802040b   Thumb Code     0  startup_stm32h723xx.o(.text)
    DFSDM1_FLT0_IRQHandler                   0x0802040b   Thumb Code     0  startup_stm32h723xx.o(.text)
    DFSDM1_FLT1_IRQHandler                   0x0802040b   Thumb Code     0  startup_stm32h723xx.o(.text)
    DFSDM1_FLT2_IRQHandler                   0x0802040b   Thumb Code     0  startup_stm32h723xx.o(.text)
    DFSDM1_FLT3_IRQHandler                   0x0802040b   Thumb Code     0  startup_stm32h723xx.o(.text)
    DMA1_Stream0_IRQHandler                  0x0802040b   Thumb Code     0  startup_stm32h723xx.o(.text)
    DMA1_Stream1_IRQHandler                  0x0802040b   Thumb Code     0  startup_stm32h723xx.o(.text)
    DMA1_Stream2_IRQHandler                  0x0802040b   Thumb Code     0  startup_stm32h723xx.o(.text)
    DMA1_Stream3_IRQHandler                  0x0802040b   Thumb Code     0  startup_stm32h723xx.o(.text)
    DMA1_Stream5_IRQHandler                  0x0802040b   Thumb Code     0  startup_stm32h723xx.o(.text)
    DMA1_Stream6_IRQHandler                  0x0802040b   Thumb Code     0  startup_stm32h723xx.o(.text)
    DMA1_Stream7_IRQHandler                  0x0802040b   Thumb Code     0  startup_stm32h723xx.o(.text)
    DMA2D_IRQHandler                         0x0802040b   Thumb Code     0  startup_stm32h723xx.o(.text)
    DMA2_Stream0_IRQHandler                  0x0802040b   Thumb Code     0  startup_stm32h723xx.o(.text)
    DMA2_Stream1_IRQHandler                  0x0802040b   Thumb Code     0  startup_stm32h723xx.o(.text)
    DMA2_Stream2_IRQHandler                  0x0802040b   Thumb Code     0  startup_stm32h723xx.o(.text)
    DMA2_Stream3_IRQHandler                  0x0802040b   Thumb Code     0  startup_stm32h723xx.o(.text)
    DMA2_Stream4_IRQHandler                  0x0802040b   Thumb Code     0  startup_stm32h723xx.o(.text)
    DMA2_Stream5_IRQHandler                  0x0802040b   Thumb Code     0  startup_stm32h723xx.o(.text)
    DMA2_Stream6_IRQHandler                  0x0802040b   Thumb Code     0  startup_stm32h723xx.o(.text)
    DMA2_Stream7_IRQHandler                  0x0802040b   Thumb Code     0  startup_stm32h723xx.o(.text)
    DMAMUX1_OVR_IRQHandler                   0x0802040b   Thumb Code     0  startup_stm32h723xx.o(.text)
    DMAMUX2_OVR_IRQHandler                   0x0802040b   Thumb Code     0  startup_stm32h723xx.o(.text)
    DTS_IRQHandler                           0x0802040b   Thumb Code     0  startup_stm32h723xx.o(.text)
    ECC_IRQHandler                           0x0802040b   Thumb Code     0  startup_stm32h723xx.o(.text)
    ETH_IRQHandler                           0x0802040b   Thumb Code     0  startup_stm32h723xx.o(.text)
    ETH_WKUP_IRQHandler                      0x0802040b   Thumb Code     0  startup_stm32h723xx.o(.text)
    EXTI0_IRQHandler                         0x0802040b   Thumb Code     0  startup_stm32h723xx.o(.text)
    EXTI15_10_IRQHandler                     0x0802040b   Thumb Code     0  startup_stm32h723xx.o(.text)
    EXTI1_IRQHandler                         0x0802040b   Thumb Code     0  startup_stm32h723xx.o(.text)
    EXTI2_IRQHandler                         0x0802040b   Thumb Code     0  startup_stm32h723xx.o(.text)
    EXTI3_IRQHandler                         0x0802040b   Thumb Code     0  startup_stm32h723xx.o(.text)
    EXTI4_IRQHandler                         0x0802040b   Thumb Code     0  startup_stm32h723xx.o(.text)
    EXTI9_5_IRQHandler                       0x0802040b   Thumb Code     0  startup_stm32h723xx.o(.text)
    FDCAN1_IT0_IRQHandler                    0x0802040b   Thumb Code     0  startup_stm32h723xx.o(.text)
    FDCAN1_IT1_IRQHandler                    0x0802040b   Thumb Code     0  startup_stm32h723xx.o(.text)
    FDCAN2_IT0_IRQHandler                    0x0802040b   Thumb Code     0  startup_stm32h723xx.o(.text)
    FDCAN2_IT1_IRQHandler                    0x0802040b   Thumb Code     0  startup_stm32h723xx.o(.text)
    FDCAN3_IT0_IRQHandler                    0x0802040b   Thumb Code     0  startup_stm32h723xx.o(.text)
    FDCAN3_IT1_IRQHandler                    0x0802040b   Thumb Code     0  startup_stm32h723xx.o(.text)
    FDCAN_CAL_IRQHandler                     0x0802040b   Thumb Code     0  startup_stm32h723xx.o(.text)
    FLASH_IRQHandler                         0x0802040b   Thumb Code     0  startup_stm32h723xx.o(.text)
    FMAC_IRQHandler                          0x0802040b   Thumb Code     0  startup_stm32h723xx.o(.text)
    FMC_IRQHandler                           0x0802040b   Thumb Code     0  startup_stm32h723xx.o(.text)
    FPU_IRQHandler                           0x0802040b   Thumb Code     0  startup_stm32h723xx.o(.text)
    HSEM1_IRQHandler                         0x0802040b   Thumb Code     0  startup_stm32h723xx.o(.text)
    I2C1_ER_IRQHandler                       0x0802040b   Thumb Code     0  startup_stm32h723xx.o(.text)
    I2C1_EV_IRQHandler                       0x0802040b   Thumb Code     0  startup_stm32h723xx.o(.text)
    I2C2_ER_IRQHandler                       0x0802040b   Thumb Code     0  startup_stm32h723xx.o(.text)
    I2C2_EV_IRQHandler                       0x0802040b   Thumb Code     0  startup_stm32h723xx.o(.text)
    I2C3_ER_IRQHandler                       0x0802040b   Thumb Code     0  startup_stm32h723xx.o(.text)
    I2C3_EV_IRQHandler                       0x0802040b   Thumb Code     0  startup_stm32h723xx.o(.text)
    I2C4_ER_IRQHandler                       0x0802040b   Thumb Code     0  startup_stm32h723xx.o(.text)
    I2C4_EV_IRQHandler                       0x0802040b   Thumb Code     0  startup_stm32h723xx.o(.text)
    I2C5_ER_IRQHandler                       0x0802040b   Thumb Code     0  startup_stm32h723xx.o(.text)
    I2C5_EV_IRQHandler                       0x0802040b   Thumb Code     0  startup_stm32h723xx.o(.text)
    LPTIM1_IRQHandler                        0x0802040b   Thumb Code     0  startup_stm32h723xx.o(.text)
    LPTIM2_IRQHandler                        0x0802040b   Thumb Code     0  startup_stm32h723xx.o(.text)
    LPTIM3_IRQHandler                        0x0802040b   Thumb Code     0  startup_stm32h723xx.o(.text)
    LPTIM4_IRQHandler                        0x0802040b   Thumb Code     0  startup_stm32h723xx.o(.text)
    LPTIM5_IRQHandler                        0x0802040b   Thumb Code     0  startup_stm32h723xx.o(.text)
    LPUART1_IRQHandler                       0x0802040b   Thumb Code     0  startup_stm32h723xx.o(.text)
    LTDC_ER_IRQHandler                       0x0802040b   Thumb Code     0  startup_stm32h723xx.o(.text)
    LTDC_IRQHandler                          0x0802040b   Thumb Code     0  startup_stm32h723xx.o(.text)
    MDIOS_IRQHandler                         0x0802040b   Thumb Code     0  startup_stm32h723xx.o(.text)
    MDIOS_WKUP_IRQHandler                    0x0802040b   Thumb Code     0  startup_stm32h723xx.o(.text)
    MDMA_IRQHandler                          0x0802040b   Thumb Code     0  startup_stm32h723xx.o(.text)
    OCTOSPI1_IRQHandler                      0x0802040b   Thumb Code     0  startup_stm32h723xx.o(.text)
    OCTOSPI2_IRQHandler                      0x0802040b   Thumb Code     0  startup_stm32h723xx.o(.text)
    OTG_HS_EP1_IN_IRQHandler                 0x0802040b   Thumb Code     0  startup_stm32h723xx.o(.text)
    OTG_HS_EP1_OUT_IRQHandler                0x0802040b   Thumb Code     0  startup_stm32h723xx.o(.text)
    OTG_HS_IRQHandler                        0x0802040b   Thumb Code     0  startup_stm32h723xx.o(.text)
    OTG_HS_WKUP_IRQHandler                   0x0802040b   Thumb Code     0  startup_stm32h723xx.o(.text)
    PVD_AVD_IRQHandler                       0x0802040b   Thumb Code     0  startup_stm32h723xx.o(.text)
    RCC_IRQHandler                           0x0802040b   Thumb Code     0  startup_stm32h723xx.o(.text)
    RNG_IRQHandler                           0x0802040b   Thumb Code     0  startup_stm32h723xx.o(.text)
    RTC_Alarm_IRQHandler                     0x0802040b   Thumb Code     0  startup_stm32h723xx.o(.text)
    RTC_WKUP_IRQHandler                      0x0802040b   Thumb Code     0  startup_stm32h723xx.o(.text)
    SAI1_IRQHandler                          0x0802040b   Thumb Code     0  startup_stm32h723xx.o(.text)
    SAI4_IRQHandler                          0x0802040b   Thumb Code     0  startup_stm32h723xx.o(.text)
    SDMMC1_IRQHandler                        0x0802040b   Thumb Code     0  startup_stm32h723xx.o(.text)
    SDMMC2_IRQHandler                        0x0802040b   Thumb Code     0  startup_stm32h723xx.o(.text)
    SPDIF_RX_IRQHandler                      0x0802040b   Thumb Code     0  startup_stm32h723xx.o(.text)
    SPI1_IRQHandler                          0x0802040b   Thumb Code     0  startup_stm32h723xx.o(.text)
    SPI2_IRQHandler                          0x0802040b   Thumb Code     0  startup_stm32h723xx.o(.text)
    SPI3_IRQHandler                          0x0802040b   Thumb Code     0  startup_stm32h723xx.o(.text)
    SPI4_IRQHandler                          0x0802040b   Thumb Code     0  startup_stm32h723xx.o(.text)
    SPI5_IRQHandler                          0x0802040b   Thumb Code     0  startup_stm32h723xx.o(.text)
    SPI6_IRQHandler                          0x0802040b   Thumb Code     0  startup_stm32h723xx.o(.text)
    SWPMI1_IRQHandler                        0x0802040b   Thumb Code     0  startup_stm32h723xx.o(.text)
    TAMP_STAMP_IRQHandler                    0x0802040b   Thumb Code     0  startup_stm32h723xx.o(.text)
    TIM15_IRQHandler                         0x0802040b   Thumb Code     0  startup_stm32h723xx.o(.text)
    TIM16_IRQHandler                         0x0802040b   Thumb Code     0  startup_stm32h723xx.o(.text)
    TIM17_IRQHandler                         0x0802040b   Thumb Code     0  startup_stm32h723xx.o(.text)
    TIM1_BRK_IRQHandler                      0x0802040b   Thumb Code     0  startup_stm32h723xx.o(.text)
    TIM1_CC_IRQHandler                       0x0802040b   Thumb Code     0  startup_stm32h723xx.o(.text)
    TIM1_TRG_COM_IRQHandler                  0x0802040b   Thumb Code     0  startup_stm32h723xx.o(.text)
    TIM1_UP_IRQHandler                       0x0802040b   Thumb Code     0  startup_stm32h723xx.o(.text)
    TIM23_IRQHandler                         0x0802040b   Thumb Code     0  startup_stm32h723xx.o(.text)
    TIM24_IRQHandler                         0x0802040b   Thumb Code     0  startup_stm32h723xx.o(.text)
    TIM2_IRQHandler                          0x0802040b   Thumb Code     0  startup_stm32h723xx.o(.text)
    TIM3_IRQHandler                          0x0802040b   Thumb Code     0  startup_stm32h723xx.o(.text)
    TIM4_IRQHandler                          0x0802040b   Thumb Code     0  startup_stm32h723xx.o(.text)
    TIM5_IRQHandler                          0x0802040b   Thumb Code     0  startup_stm32h723xx.o(.text)
    TIM6_DAC_IRQHandler                      0x0802040b   Thumb Code     0  startup_stm32h723xx.o(.text)
    TIM8_BRK_TIM12_IRQHandler                0x0802040b   Thumb Code     0  startup_stm32h723xx.o(.text)
    TIM8_CC_IRQHandler                       0x0802040b   Thumb Code     0  startup_stm32h723xx.o(.text)
    TIM8_TRG_COM_TIM14_IRQHandler            0x0802040b   Thumb Code     0  startup_stm32h723xx.o(.text)
    TIM8_UP_TIM13_IRQHandler                 0x0802040b   Thumb Code     0  startup_stm32h723xx.o(.text)
    UART4_IRQHandler                         0x0802040b   Thumb Code     0  startup_stm32h723xx.o(.text)
    UART5_IRQHandler                         0x0802040b   Thumb Code     0  startup_stm32h723xx.o(.text)
    UART7_IRQHandler                         0x0802040b   Thumb Code     0  startup_stm32h723xx.o(.text)
    UART8_IRQHandler                         0x0802040b   Thumb Code     0  startup_stm32h723xx.o(.text)
    UART9_IRQHandler                         0x0802040b   Thumb Code     0  startup_stm32h723xx.o(.text)
    USART10_IRQHandler                       0x0802040b   Thumb Code     0  startup_stm32h723xx.o(.text)
    USART2_IRQHandler                        0x0802040b   Thumb Code     0  startup_stm32h723xx.o(.text)
    USART3_IRQHandler                        0x0802040b   Thumb Code     0  startup_stm32h723xx.o(.text)
    USART6_IRQHandler                        0x0802040b   Thumb Code     0  startup_stm32h723xx.o(.text)
    WAKEUP_PIN_IRQHandler                    0x0802040b   Thumb Code     0  startup_stm32h723xx.o(.text)
    WWDG_IRQHandler                          0x0802040b   Thumb Code     0  startup_stm32h723xx.o(.text)
    __user_initial_stackheap                 0x0802040d   Thumb Code     0  startup_stm32h723xx.o(.text)
    __aeabi_uldivmod                         0x08020435   Thumb Code     0  lludivv7m.o(.text)
    _ll_udiv                                 0x08020435   Thumb Code   238  lludivv7m.o(.text)
    __2sprintf                               0x08020525   Thumb Code    34  noretval__2sprintf.o(.text)
    __printf                                 0x0802054d   Thumb Code   104  __printf.o(.text)
    __aeabi_memcpy                           0x080205b5   Thumb Code     0  rt_memcpy_v6.o(.text)
    __rt_memcpy                              0x080205b5   Thumb Code   138  rt_memcpy_v6.o(.text)
    _memcpy_lastbytes                        0x0802061b   Thumb Code     0  rt_memcpy_v6.o(.text)
    __aeabi_memcpy4                          0x0802063f   Thumb Code     0  rt_memcpy_w.o(.text)
    __aeabi_memcpy8                          0x0802063f   Thumb Code     0  rt_memcpy_w.o(.text)
    __rt_memcpy_w                            0x0802063f   Thumb Code   100  rt_memcpy_w.o(.text)
    _memcpy_lastbytes_aligned                0x08020687   Thumb Code     0  rt_memcpy_w.o(.text)
    __aeabi_memclr                           0x080206a3   Thumb Code     0  rt_memclr.o(.text)
    __rt_memclr                              0x080206a3   Thumb Code    68  rt_memclr.o(.text)
    _memset                                  0x080206a7   Thumb Code     0  rt_memclr.o(.text)
    __aeabi_memclr4                          0x080206e7   Thumb Code     0  rt_memclr_w.o(.text)
    __aeabi_memclr8                          0x080206e7   Thumb Code     0  rt_memclr_w.o(.text)
    __rt_memclr_w                            0x080206e7   Thumb Code    78  rt_memclr_w.o(.text)
    _memset_w                                0x080206eb   Thumb Code     0  rt_memclr_w.o(.text)
    __use_two_region_memory                  0x08020735   Thumb Code     2  heapauxi.o(.text)
    __rt_heap_escrow$2region                 0x08020737   Thumb Code     2  heapauxi.o(.text)
    __rt_heap_expand$2region                 0x08020739   Thumb Code     2  heapauxi.o(.text)
    __read_errno                             0x0802073b   Thumb Code    10  _rserrno.o(.text)
    __set_errno                              0x08020745   Thumb Code    12  _rserrno.o(.text)
    __lib_sel_fp_printf                      0x08020751   Thumb Code     2  _printf_fp_dec.o(.text)
    _printf_fp_dec_real                      0x08020903   Thumb Code   620  _printf_fp_dec.o(.text)
    _printf_char_common                      0x08020b7b   Thumb Code    32  _printf_char_common.o(.text)
    _sputc                                   0x08020ba1   Thumb Code    10  _sputc.o(.text)
    __strtod_int                             0x08020be9   Thumb Code    90  strtod.o(.text)
    __rt_locale                              0x08020c51   Thumb Code     8  rt_locale_intlibspace.o(.text)
    __aeabi_errno_addr                       0x08020c59   Thumb Code     8  rt_errno_addr_intlibspace.o(.text)
    __errno$intlibspace                      0x08020c59   Thumb Code     0  rt_errno_addr_intlibspace.o(.text)
    __rt_errno_addr$intlibspace              0x08020c59   Thumb Code     0  rt_errno_addr_intlibspace.o(.text)
    _ll_udiv10                               0x08020c61   Thumb Code   138  lludiv10.o(.text)
    isspace                                  0x08020ceb   Thumb Code    18  isspace.o(.text)
    _printf_fp_infnan                        0x08020cfd   Thumb Code   112  _printf_fp_infnan.o(.text)
    _sgetc                                   0x08020d7d   Thumb Code    30  _sgetc.o(.text)
    _sbackspace                              0x08020d9b   Thumb Code    34  _sgetc.o(.text)
    _btod_etento                             0x08020dbd   Thumb Code   224  bigflt0.o(.text)
    __user_libspace                          0x08020ea1   Thumb Code     8  libspace.o(.text)
    __user_perproc_libspace                  0x08020ea1   Thumb Code     0  libspace.o(.text)
    __user_perthread_libspace                0x08020ea1   Thumb Code     0  libspace.o(.text)
    __user_setup_stackheap                   0x08020ea9   Thumb Code    74  sys_stackheap_outer.o(.text)
    __rt_ctype_table                         0x08020ef5   Thumb Code    16  rt_ctype_table.o(.text)
    _scanf_really_real                       0x08021151   Thumb Code   684  scanf_fp.o(.text)
    exit                                     0x080213fd   Thumb Code    18  exit.o(.text)
    strcmp                                   0x08021411   Thumb Code   104  strcmpv7m_pel.o(.text)
    _sys_exit                                0x08021479   Thumb Code     8  sys_exit.o(.text)
    _scanf_really_hex_real                   0x08021485   Thumb Code   786  scanf_hexfp.o(.text)
    _scanf_really_infnan                     0x080217a5   Thumb Code   292  scanf_infnan.o(.text)
    __I$use$semihosting                      0x080218d9   Thumb Code     0  use_no_semi.o(.text)
    __use_no_semihosting_swi                 0x080218d9   Thumb Code     2  use_no_semi.o(.text)
    __aeabi_llsl                             0x080218db   Thumb Code     0  llshl.o(.text)
    __semihosting_library_function           0x080218db   Thumb Code     0  indicate_semi.o(.text)
    _ll_shift_l                              0x080218db   Thumb Code    38  llshl.o(.text)
    _chval                                   0x08021901   Thumb Code    28  _chval.o(.text)
    _btod_d2e                                0x0802191d   Thumb Code    62  btod.o(CL$$btod_d2e)
    _d2e_denorm_low                          0x0802195b   Thumb Code    70  btod.o(CL$$btod_d2e_denorm_low)
    _d2e_norm_op1                            0x080219a1   Thumb Code    96  btod.o(CL$$btod_d2e_norm_op1)
    __btod_div_common                        0x08021a01   Thumb Code   696  btod.o(CL$$btod_div_common)
    _e2d                                     0x08021d39   Thumb Code   122  btod.o(CL$$btod_e2d)
    _e2e                                     0x08021dbd   Thumb Code   220  btod.o(CL$$btod_e2e)
    _btod_ediv                               0x08021e99   Thumb Code    42  btod.o(CL$$btod_ediv)
    _btod_edivd                              0x08021ec3   Thumb Code    42  btod.o(CL$$btod_edivd)
    _btod_emul                               0x08021eed   Thumb Code    42  btod.o(CL$$btod_emul)
    _btod_emuld                              0x08021f17   Thumb Code    42  btod.o(CL$$btod_emuld)
    __btod_mult_common                       0x08021f41   Thumb Code   580  btod.o(CL$$btod_mult_common)
    AddSample                                0x08022185   Thumb Code   322  mt6agcs.o(i.AddSample)
    BusFault_Handler                         0x080222d5   Thumb Code     4  stm32h7xx_it.o(i.BusFault_Handler)
    DMA1_Stream4_IRQHandler                  0x080222d9   Thumb Code    10  stm32h7xx_it.o(i.DMA1_Stream4_IRQHandler)
    DebugMon_Handler                         0x08022855   Thumb Code     2  stm32h7xx_it.o(i.DebugMon_Handler)
    Error_Handler                            0x08022857   Thumb Code     6  main.o(i.Error_Handler)
    ExitRun0Mode                             0x0802285d   Thumb Code    30  system_stm32h7xx.o(i.ExitRun0Mode)
    FLASH_Erase_Sector                       0x08022881   Thumb Code    42  stm32h7xx_hal_flash_ex.o(i.FLASH_Erase_Sector)
    FLASH_WaitForLastOperation               0x080228dd   Thumb Code   120  stm32h7xx_hal_flash.o(i.FLASH_WaitForLastOperation)
    Frame_Protocol_Packet_Send1              0x08022961   Thumb Code   160  mt6agcs.o(i.Frame_Protocol_Packet_Send1)
    Frame_Protocol_Packet_Send2              0x08022a15   Thumb Code   180  mt6agcs.o(i.Frame_Protocol_Packet_Send2)
    Frame_Protocol_Packet_Send3              0x08022add   Thumb Code   184  mt6agcs.o(i.Frame_Protocol_Packet_Send3)
    HAL_DMA_Abort                            0x08022ba9   Thumb Code  1236  stm32h7xx_hal_dma.o(i.HAL_DMA_Abort)
    HAL_DMA_Abort_IT                         0x08023085   Thumb Code   906  stm32h7xx_hal_dma.o(i.HAL_DMA_Abort_IT)
    HAL_DMA_IRQHandler                       0x0802341d   Thumb Code  2798  stm32h7xx_hal_dma.o(i.HAL_DMA_IRQHandler)
    HAL_DMA_Init                             0x08023f15   Thumb Code  1292  stm32h7xx_hal_dma.o(i.HAL_DMA_Init)
    HAL_DMA_Start_IT                         0x08024429   Thumb Code   980  stm32h7xx_hal_dma.o(i.HAL_DMA_Start_IT)
    HAL_FLASHEx_Erase                        0x08024809   Thumb Code   202  stm32h7xx_hal_flash_ex.o(i.HAL_FLASHEx_Erase)
    HAL_FLASH_Lock                           0x080248dd   Thumb Code    30  stm32h7xx_hal_flash.o(i.HAL_FLASH_Lock)
    HAL_FLASH_Program                        0x08024901   Thumb Code   228  stm32h7xx_hal_flash.o(i.HAL_FLASH_Program)
    HAL_FLASH_Unlock                         0x080249ed   Thumb Code    38  stm32h7xx_hal_flash.o(i.HAL_FLASH_Unlock)
    HAL_GPIO_Init                            0x08024a21   Thumb Code   446  stm32h7xx_hal_gpio.o(i.HAL_GPIO_Init)
    HAL_GPIO_WritePin                        0x08024c11   Thumb Code    12  stm32h7xx_hal_gpio.o(i.HAL_GPIO_WritePin)
    HAL_GetTick                              0x08024c1d   Thumb Code     6  stm32h7xx_hal.o(i.HAL_GetTick)
    HAL_IncTick                              0x08024c29   Thumb Code    16  stm32h7xx_hal.o(i.HAL_IncTick)
    HAL_Init                                 0x08024c41   Thumb Code    80  stm32h7xx_hal.o(i.HAL_Init)
    HAL_InitTick                             0x08024ca1   Thumb Code    74  stm32h7xx_hal.o(i.HAL_InitTick)
    HAL_MspInit                              0x08024cf9   Thumb Code    32  stm32h7xx_hal_msp.o(i.HAL_MspInit)
    HAL_NVIC_EnableIRQ                       0x08024d1d   Thumb Code    40  stm32h7xx_hal_cortex.o(i.HAL_NVIC_EnableIRQ)
    HAL_NVIC_SetPriority                     0x08024d45   Thumb Code   122  stm32h7xx_hal_cortex.o(i.HAL_NVIC_SetPriority)
    HAL_NVIC_SetPriorityGrouping             0x08024dc1   Thumb Code    32  stm32h7xx_hal_cortex.o(i.HAL_NVIC_SetPriorityGrouping)
    HAL_PWREx_ConfigSupply                   0x08024de9   Thumb Code    90  stm32h7xx_hal_pwr_ex.o(i.HAL_PWREx_ConfigSupply)
    HAL_RCCEx_GetD3PCLK1Freq                 0x08024e49   Thumb Code    26  stm32h7xx_hal_rcc_ex.o(i.HAL_RCCEx_GetD3PCLK1Freq)
    HAL_RCCEx_GetPLL2ClockFreq               0x08024e6d   Thumb Code   536  stm32h7xx_hal_rcc_ex.o(i.HAL_RCCEx_GetPLL2ClockFreq)
    HAL_RCCEx_GetPLL3ClockFreq               0x0802509d   Thumb Code   536  stm32h7xx_hal_rcc_ex.o(i.HAL_RCCEx_GetPLL3ClockFreq)
    HAL_RCCEx_PeriphCLKConfig                0x080252cd   Thumb Code  3272  stm32h7xx_hal_rcc_ex.o(i.HAL_RCCEx_PeriphCLKConfig)
    HAL_RCC_ClockConfig                      0x08025f95   Thumb Code   774  stm32h7xx_hal_rcc.o(i.HAL_RCC_ClockConfig)
    HAL_RCC_GetHCLKFreq                      0x080262b5   Thumb Code    60  stm32h7xx_hal_rcc.o(i.HAL_RCC_GetHCLKFreq)
    HAL_RCC_GetPCLK1Freq                     0x08026301   Thumb Code    26  stm32h7xx_hal_rcc.o(i.HAL_RCC_GetPCLK1Freq)
    HAL_RCC_GetPCLK2Freq                     0x08026325   Thumb Code    26  stm32h7xx_hal_rcc.o(i.HAL_RCC_GetPCLK2Freq)
    HAL_RCC_GetSysClockFreq                  0x08026349   Thumb Code   524  stm32h7xx_hal_rcc.o(i.HAL_RCC_GetSysClockFreq)
    HAL_RCC_OscConfig                        0x08026575   Thumb Code  1874  stm32h7xx_hal_rcc.o(i.HAL_RCC_OscConfig)
    HAL_SPI_Init                             0x08026cd1   Thumb Code   420  stm32h7xx_hal_spi.o(i.HAL_SPI_Init)
    HAL_SPI_MspInit                          0x08026e81   Thumb Code   510  spi.o(i.HAL_SPI_MspInit)
    HAL_SPI_Transmit                         0x080270a5   Thumb Code   692  stm32h7xx_hal_spi.o(i.HAL_SPI_Transmit)
    HAL_SPI_TransmitReceive                  0x08027359   Thumb Code  1094  stm32h7xx_hal_spi.o(i.HAL_SPI_TransmitReceive)
    HAL_SYSCFG_AnalogSwitchConfig            0x080277ad   Thumb Code    14  stm32h7xx_hal.o(i.HAL_SYSCFG_AnalogSwitchConfig)
    HAL_SYSTICK_Config                       0x080277c1   Thumb Code    52  stm32h7xx_hal_cortex.o(i.HAL_SYSTICK_Config)
    HAL_TIMEx_Break2Callback                 0x080277f5   Thumb Code     2  stm32h7xx_hal_tim_ex.o(i.HAL_TIMEx_Break2Callback)
    HAL_TIMEx_BreakCallback                  0x080277f7   Thumb Code     2  stm32h7xx_hal_tim_ex.o(i.HAL_TIMEx_BreakCallback)
    HAL_TIMEx_CommutCallback                 0x080277f9   Thumb Code     2  stm32h7xx_hal_tim_ex.o(i.HAL_TIMEx_CommutCallback)
    HAL_TIMEx_MasterConfigSynchronization    0x080277fd   Thumb Code   190  stm32h7xx_hal_tim_ex.o(i.HAL_TIMEx_MasterConfigSynchronization)
    HAL_TIM_Base_Init                        0x080278e1   Thumb Code   110  stm32h7xx_hal_tim.o(i.HAL_TIM_Base_Init)
    HAL_TIM_Base_MspInit                     0x08027951   Thumb Code    94  tim.o(i.HAL_TIM_Base_MspInit)
    HAL_TIM_Base_Start                       0x080279b9   Thumb Code   150  stm32h7xx_hal_tim.o(i.HAL_TIM_Base_Start)
    HAL_TIM_Base_Start_IT                    0x08027a79   Thumb Code   162  stm32h7xx_hal_tim.o(i.HAL_TIM_Base_Start_IT)
    HAL_TIM_ConfigClockSource                0x08027b45   Thumb Code   304  stm32h7xx_hal_tim.o(i.HAL_TIM_ConfigClockSource)
    HAL_TIM_IC_CaptureCallback               0x08027c79   Thumb Code     2  stm32h7xx_hal_tim.o(i.HAL_TIM_IC_CaptureCallback)
    HAL_TIM_IRQHandler                       0x08027c7b   Thumb Code   408  stm32h7xx_hal_tim.o(i.HAL_TIM_IRQHandler)
    HAL_TIM_OC_DelayElapsedCallback          0x08027e13   Thumb Code     2  stm32h7xx_hal_tim.o(i.HAL_TIM_OC_DelayElapsedCallback)
    HAL_TIM_PWM_PulseFinishedCallback        0x08027e15   Thumb Code     2  stm32h7xx_hal_tim.o(i.HAL_TIM_PWM_PulseFinishedCallback)
    HAL_TIM_PeriodElapsedCallback            0x08027e17   Thumb Code     2  stm32h7xx_hal_tim.o(i.HAL_TIM_PeriodElapsedCallback)
    HAL_TIM_TriggerCallback                  0x08027e19   Thumb Code     2  stm32h7xx_hal_tim.o(i.HAL_TIM_TriggerCallback)
    HAL_UARTEx_DisableFifoMode               0x08027e1b   Thumb Code    78  stm32h7xx_hal_uart_ex.o(i.HAL_UARTEx_DisableFifoMode)
    HAL_UARTEx_RxEventCallback               0x08027e69   Thumb Code     2  stm32h7xx_hal_uart.o(i.HAL_UARTEx_RxEventCallback)
    HAL_UARTEx_RxFifoFullCallback            0x08027e6b   Thumb Code     2  stm32h7xx_hal_uart_ex.o(i.HAL_UARTEx_RxFifoFullCallback)
    HAL_UARTEx_SetRxFifoThreshold            0x08027e6d   Thumb Code    94  stm32h7xx_hal_uart_ex.o(i.HAL_UARTEx_SetRxFifoThreshold)
    HAL_UARTEx_SetTxFifoThreshold            0x08027ecb   Thumb Code    94  stm32h7xx_hal_uart_ex.o(i.HAL_UARTEx_SetTxFifoThreshold)
    HAL_UARTEx_TxFifoEmptyCallback           0x08027f29   Thumb Code     2  stm32h7xx_hal_uart_ex.o(i.HAL_UARTEx_TxFifoEmptyCallback)
    HAL_UARTEx_WakeupCallback                0x08027f2b   Thumb Code     2  stm32h7xx_hal_uart_ex.o(i.HAL_UARTEx_WakeupCallback)
    HAL_UART_ErrorCallback                   0x08027f2d   Thumb Code     2  stm32h7xx_hal_uart.o(i.HAL_UART_ErrorCallback)
    HAL_UART_IRQHandler                      0x08027f31   Thumb Code  1206  stm32h7xx_hal_uart.o(i.HAL_UART_IRQHandler)
    HAL_UART_Init                            0x080283e7   Thumb Code   120  stm32h7xx_hal_uart.o(i.HAL_UART_Init)
    HAL_UART_MspInit                         0x08028461   Thumb Code   224  usart.o(i.HAL_UART_MspInit)
    HAL_UART_Receive_IT                      0x08028555   Thumb Code    88  stm32h7xx_hal_uart.o(i.HAL_UART_Receive_IT)
    HAL_UART_RxCpltCallback                  0x080285b1   Thumb Code   200  uart_x.o(i.HAL_UART_RxCpltCallback)
    HAL_UART_Transmit_DMA                    0x08028695   Thumb Code   148  stm32h7xx_hal_uart.o(i.HAL_UART_Transmit_DMA)
    HAL_UART_TxCpltCallback                  0x08028735   Thumb Code     2  stm32h7xx_hal_uart.o(i.HAL_UART_TxCpltCallback)
    HAL_UART_TxHalfCpltCallback              0x08028737   Thumb Code     2  stm32h7xx_hal_uart.o(i.HAL_UART_TxHalfCpltCallback)
    HardFault_Handler                        0x08028739   Thumb Code     4  stm32h7xx_it.o(i.HardFault_Handler)
    MT6_Init                                 0x0802873d   Thumb Code   438  mt6agcs.o(i.MT6_Init)
    MT6_ReadData                             0x08028941   Thumb Code   402  mt6agcs.o(i.MT6_ReadData)
    MT6_SendData                             0x08028af1   Thumb Code    18  uart_x.o(i.MT6_SendData)
    MX_DMA_Init                              0x08028b2d   Thumb Code    48  dma.o(i.MX_DMA_Init)
    MX_GPIO_Init                             0x08028b61   Thumb Code   330  gpio.o(i.MX_GPIO_Init)
    MX_SPI2_Init                             0x08028cc1   Thumb Code    90  spi.o(i.MX_SPI2_Init)
    MX_SPI3_Init                             0x08028d25   Thumb Code    90  spi.o(i.MX_SPI3_Init)
    MX_SPI4_Init                             0x08028d89   Thumb Code    90  spi.o(i.MX_SPI4_Init)
    MX_SPI6_Init                             0x08028ded   Thumb Code    90  spi.o(i.MX_SPI6_Init)
    MX_TIM2_Init                             0x08028e51   Thumb Code   102  tim.o(i.MX_TIM2_Init)
    MX_TIM7_Init                             0x08028ebd   Thumb Code   152  tim.o(i.MX_TIM7_Init)
    MX_USART1_UART_Init                      0x08028f61   Thumb Code    98  usart.o(i.MX_USART1_UART_Init)
    MemManage_Handler                        0x08028fcd   Thumb Code     4  stm32h7xx_it.o(i.MemManage_Handler)
    NMI_Handler                              0x08028fd1   Thumb Code     4  stm32h7xx_it.o(i.NMI_Handler)
    PendSV_Handler                           0x08028fd5   Thumb Code     2  stm32h7xx_it.o(i.PendSV_Handler)
    STMFLASH_GetFlashSector                  0x080293d5   Thumb Code    76  stmflash.o(i.STMFLASH_GetFlashSector)
    STMFLASH_Read                            0x0802943d   Thumb Code    32  stmflash.o(i.STMFLASH_Read)
    STMFLASH_ReadWord                        0x0802945d   Thumb Code     6  stmflash.o(i.STMFLASH_ReadWord)
    STMFLASH_Write                           0x08029465   Thumb Code   306  stmflash.o(i.STMFLASH_Write)
    SVC_Handler                              0x080295a5   Thumb Code     2  stm32h7xx_it.o(i.SVC_Handler)
    SysTick_Handler                          0x080295a7   Thumb Code     8  stm32h7xx_it.o(i.SysTick_Handler)
    SystemClock_Config                       0x080295b1   Thumb Code   184  main.o(i.SystemClock_Config)
    SystemInit                               0x0802966d   Thumb Code   236  system_stm32h7xx.o(i.SystemInit)
    TIM7_IRQHandler                          0x08029779   Thumb Code    16  stm32h7xx_it.o(i.TIM7_IRQHandler)
    TIM_Base_SetConfig                       0x08029791   Thumb Code   190  stm32h7xx_hal_tim.o(i.TIM_Base_SetConfig)
    TIM_ETR_SetConfig                        0x08029879   Thumb Code    22  stm32h7xx_hal_tim.o(i.TIM_ETR_SetConfig)
    UART_AdvFeatureConfig                    0x08029951   Thumb Code   248  stm32h7xx_hal_uart.o(i.UART_AdvFeatureConfig)
    UART_CheckIdleState                      0x08029a49   Thumb Code   234  stm32h7xx_hal_uart.o(i.UART_CheckIdleState)
    UART_SetConfig                           0x0802a2e9   Thumb Code  1558  stm32h7xx_hal_uart.o(i.UART_SetConfig)
    UART_Start_Receive_IT                    0x0802a911   Thumb Code   332  stm32h7xx_hal_uart.o(i.UART_Start_Receive_IT)
    UART_WaitOnFlagUntilTimeout              0x0802aa6d   Thumb Code   172  stm32h7xx_hal_uart.o(i.UART_WaitOnFlagUntilTimeout)
    USART1_IRQHandler                        0x0802ab19   Thumb Code    10  stm32h7xx_it.o(i.USART1_IRQHandler)
    UsageFault_Handler                       0x0802ab29   Thumb Code     4  stm32h7xx_it.o(i.UsageFault_Handler)
    __ARM_fpclassify                         0x0802ab2d   Thumb Code    48  fpclassify.o(i.__ARM_fpclassify)
    __hardfp___mathlib_tofloat               0x0802ab99   Thumb Code   194  narrow.o(i.__hardfp___mathlib_tofloat)
    __hardfp_atof                            0x0802ac79   Thumb Code    44  atof.o(i.__hardfp_atof)
    __hardfp_round                           0x0802acb1   Thumb Code   136  round.o(i.__hardfp_round)
    __mathlib_dbl_overflow                   0x0802ad51   Thumb Code    10  dunder.o(i.__mathlib_dbl_overflow)
    __mathlib_dbl_underflow                  0x0802ad69   Thumb Code    10  dunder.o(i.__mathlib_dbl_underflow)
    __mathlib_narrow                         0x0802ad81   Thumb Code    18  narrow.o(i.__mathlib_narrow)
    __support_ldexp                          0x0802ad99   Thumb Code   170  ldexp.o(i.__support_ldexp)
    _is_digit                                0x0802ae51   Thumb Code    14  __printf_wp.o(i._is_digit)
    accTempCompensate                        0x0802ae61   Thumb Code   212  calibration.o(i.accTempCompensate)
    assignmentStruct                         0x0802af39   Thumb Code   198  calibration.o(i.assignmentStruct)
    calibrateAllSensor                       0x0802b009   Thumb Code   268  calibration.o(i.calibrateAllSensor)
    changeAxialAndPolarity                   0x0802b119   Thumb Code   244  calibration.o(i.changeAxialAndPolarity)
    changeTPart                              0x0802b20d   Thumb Code    38  calibration.o(i.changeTPart)
    changeTPart2                             0x0802b233   Thumb Code    38  calibration.o(i.changeTPart2)
    frexp                                    0x0802b299   Thumb Code   118  frexp.o(i.frexp)
    gyroPartCompensate                       0x0802b325   Thumb Code   326  calibration.o(i.gyroPartCompensate)
    gyroTempCompensate                       0x0802b46d   Thumb Code   226  calibration.o(i.gyroTempCompensate)
    imuProcess                               0x0802b555   Thumb Code   140  calibration.o(i.imuProcess)
    lowPassFilter                            0x0802b5f1   Thumb Code   174  calibration.o(i.lowPassFilter)
    main                                     0x0802b6ad   Thumb Code   594  main.o(i.main)
    meanFusion                               0x0802b92d   Thumb Code   356  calibration.o(i.meanFusion)
    process_command_frame                    0x0802baa1   Thumb Code   288  uart_x.o(i.process_command_frame)
    read_cs_data                             0x0802bbd5   Thumb Code   264  parameter.o(i.read_cs_data)
    str_compare                              0x0802bcf9   Thumb Code    40  parameter.o(i.str_compare)
    whichPart                                0x0802bd3b   Thumb Code    66  calibration.o(i.whichPart)
    _get_lc_numeric                          0x0802bd7d   Thumb Code    44  lc_numeric_c.o(locale$$code)
    _get_lc_ctype                            0x0802bda9   Thumb Code    44  lc_ctype_c.o(locale$$code)
    __fpl_dcheck_NaN1                        0x0802bdd5   Thumb Code    10  dcheck1.o(x$fpl$dcheck1)
    __fpl_dnaninf                            0x0802bde5   Thumb Code   156  dnaninf.o(x$fpl$dnaninf)
    _drnd                                    0x0802be81   Thumb Code   180  drnd.o(x$fpl$drnd)
    _fp_init                                 0x0802bf35   Thumb Code    10  fpinit.o(x$fpl$fpinit)
    __fplib_config_fpu_vfp                   0x0802bf3d   Thumb Code     0  fpinit.o(x$fpl$fpinit)
    __fplib_config_pureend_doubles           0x0802bf3d   Thumb Code     0  fpinit.o(x$fpl$fpinit)
    __ieee_status                            0x0802bf3f   Thumb Code     6  istatus.o(x$fpl$ieeestatus)
    _printf_fp_dec                           0x0802bf45   Thumb Code     4  printf1.o(x$fpl$printf1)
    __fpl_return_NaN                         0x0802bf49   Thumb Code   100  retnan.o(x$fpl$retnan)
    __ARM_scalbn                             0x0802bfad   Thumb Code    92  scalbn.o(x$fpl$scalbn)
    _scanf_real                              0x0802c009   Thumb Code     4  scanf1.o(x$fpl$scanf1)
    _scanf_hex_real                          0x0802c00d   Thumb Code     4  scanf2.o(x$fpl$scanf2)
    _scanf_infnan                            0x0802c011   Thumb Code     4  scanf2.o(x$fpl$scanf2)
    __fpl_cmpreturn                          0x0802c015   Thumb Code    48  trapv.o(x$fpl$trapveneer)
    __I$use$fp                               0x0802c044   Number         0  usenofp.o(x$fpl$usenofp)
    UARTPrescTable                           0x0802c04c   Data          24  stm32h7xx_hal_uart.o(.constdata)
    D1CorePrescTable                         0x0802c074   Data          16  system_stm32h7xx.o(.constdata)
    Region$$Table$$Base                      0x0802c128   Number         0  anon$$obj.o(Region$$Table)
    Region$$Table$$Limit                     0x0802c178   Number         0  anon$$obj.o(Region$$Table)
    __aeabi_HUGE_VAL                         0x0802c178   Data           0  fpconst.o(c$$dinf)
    __aeabi_HUGE_VALL                        0x0802c178   Data           0  fpconst.o(c$$dinf)
    __aeabi_INFINITY                         0x0802c178   Data           0  fpconst.o(c$$dinf)
    __dInf                                   0x0802c178   Data           0  fpconst.o(c$$dinf)
    __huge_val                               0x0802c178   Data           0  fpconst.o(c$$dinf)
    __dbl_max                                0x0802c180   Data           0  fpconst.o(c$$dmax)
    __ctype                                  0x0802c1b1   Data           0  lc_ctype_c.o(locale$$data)
    uwTick                                   0x20000000   Data           4  stm32h7xx_hal.o(.data)
    uwTickPrio                               0x20000004   Data           4  stm32h7xx_hal.o(.data)
    uwTickFreq                               0x20000008   Data           1  stm32h7xx_hal.o(.data)
    SystemCoreClock                          0x2000000c   Data           4  system_stm32h7xx.o(.data)
    SystemD2Clock                            0x20000010   Data           4  system_stm32h7xx.o(.data)
    var_NUM1                                 0x20000014   Data           4  parameter.o(.data)
    bd_cs_len                                0x20000018   Data           4  parameter.o(.data)
    uart_rx_byte                             0x2000001c   Data           1  uart_x.o(.data)
    frame_index                              0x2000001d   Data           1  uart_x.o(.data)
    state                                    0x2000001e   Data           1  uart_x.o(.data)
    ul_CmdData                               0x20000020   Data           4  uart_x.o(.data)
    uc_cmd                                   0x20000024   Data           1  uart_x.o(.data)
    sensor_data                              0x20000028   Data          28  main.o(.bss)
    imu_array                                0x20000044   Data         224  main.o(.bss)
    filter                                   0x20000124   Data          96  main.o(.bss)
    watch0                                   0x20000184   Data          28  main.o(.bss)
    hspi2                                    0x200001a0   Data         136  spi.o(.bss)
    hspi3                                    0x20000228   Data         136  spi.o(.bss)
    hspi4                                    0x200002b0   Data         136  spi.o(.bss)
    hspi6                                    0x20000338   Data         136  spi.o(.bss)
    htim2                                    0x200003c0   Data          76  tim.o(.bss)
    htim7                                    0x2000040c   Data          76  tim.o(.bss)
    pFlash                                   0x20000458   Data          28  stm32h7xx_hal_flash.o(.bss)
    g_tMT6_Raw1                              0x20000474   Data         224  mt6agcs.o(.bss)
    g_tMT6_Data1                             0x20000554   Data         128  mt6agcs.o(.bss)
    g_tMT6_SumData                           0x200005d4   Data          80  mt6agcs.o(.bss)
    val_group                                0x200006b0   Data        5600  parameter.o(.bss)
    temp_string                              0x20001c90   Data          50  parameter.o(.bss)
    frame_buf                                0x20001cc2   Data          10  uart_x.o(.bss)
    g_ucTimeFlag                             0x24000000   Data           1  mt6agcs.o(.data)
    calib_para                               0x24000058   Data        5340  calibration.o(.data)
    huart1                                   0x24001558   Data         148  usart.o(.bss)
    hdma_usart1_tx                           0x240015ec   Data         120  usart.o(.bss)
    __libspace_start                         0x24001664   Data          96  libspace.o(.bss)
    __temporary_stack_top$libspace           0x240016c4   Data           0  libspace.o(.bss)
    Send_data                                0x24020000   Data         256  mt6agcs.o(.RAM_D1)



==============================================================================

Memory Map of the image

  Image Entry point : 0x080202cd

  Load Region LR_IROM1 (Base: 0x08020000, Size: 0x0000d934, Max: 0x000c0000, ABSOLUTE, COMPRESSED[0x0000c4c8])

    Execution Region ER_IROM1 (Exec base: 0x08020000, Load base: 0x08020000, Size: 0x0000c2b4, Max: 0x000c0000, ABSOLUTE)

    Exec Addr    Load Addr    Size         Type   Attr      Idx    E Section Name        Object

    0x08020000   0x08020000   0x000002cc   Data   RO            3    RESET               startup_stm32h723xx.o
    0x080202cc   0x080202cc   0x00000008   Code   RO         5412  * !!!main             c_w.l(__main.o)
    0x080202d4   0x080202d4   0x00000034   Code   RO         5745    !!!scatter          c_w.l(__scatter.o)
    0x08020308   0x08020308   0x0000005a   Code   RO         5743    !!dczerorl2         c_w.l(__dczerorl2.o)
    0x08020362   0x08020362   0x00000002   PAD
    0x08020364   0x08020364   0x0000001a   Code   RO         5747    !!handler_copy      c_w.l(__scatter_copy.o)
    0x0802037e   0x0802037e   0x00000002   PAD
    0x08020380   0x08020380   0x0000001c   Code   RO         5749    !!handler_zi        c_w.l(__scatter_zi.o)
    0x0802039c   0x0802039c   0x00000000   Code   RO         5401    .ARM.Collect$$_printf_percent$$00000000  c_w.l(_printf_percent.o)
    0x0802039c   0x0802039c   0x00000006   Code   RO         5400    .ARM.Collect$$_printf_percent$$00000003  c_w.l(_printf_f.o)
    0x080203a2   0x080203a2   0x00000004   Code   RO         5439    .ARM.Collect$$_printf_percent$$00000017  c_w.l(_printf_percent_end.o)
    0x080203a6   0x080203a6   0x00000002   Code   RO         5540    .ARM.Collect$$libinit$$00000000  c_w.l(libinit.o)
    0x080203a8   0x080203a8   0x00000004   Code   RO         5541    .ARM.Collect$$libinit$$00000001  c_w.l(libinit2.o)
    0x080203ac   0x080203ac   0x00000000   Code   RO         5544    .ARM.Collect$$libinit$$00000004  c_w.l(libinit2.o)
    0x080203ac   0x080203ac   0x00000000   Code   RO         5547    .ARM.Collect$$libinit$$0000000A  c_w.l(libinit2.o)
    0x080203ac   0x080203ac   0x00000000   Code   RO         5549    .ARM.Collect$$libinit$$0000000C  c_w.l(libinit2.o)
    0x080203ac   0x080203ac   0x00000000   Code   RO         5551    .ARM.Collect$$libinit$$0000000E  c_w.l(libinit2.o)
    0x080203ac   0x080203ac   0x00000006   Code   RO         5552    .ARM.Collect$$libinit$$0000000F  c_w.l(libinit2.o)
    0x080203b2   0x080203b2   0x00000000   Code   RO         5554    .ARM.Collect$$libinit$$00000011  c_w.l(libinit2.o)
    0x080203b2   0x080203b2   0x0000000c   Code   RO         5555    .ARM.Collect$$libinit$$00000012  c_w.l(libinit2.o)
    0x080203be   0x080203be   0x00000000   Code   RO         5556    .ARM.Collect$$libinit$$00000013  c_w.l(libinit2.o)
    0x080203be   0x080203be   0x00000000   Code   RO         5558    .ARM.Collect$$libinit$$00000015  c_w.l(libinit2.o)
    0x080203be   0x080203be   0x0000000a   Code   RO         5559    .ARM.Collect$$libinit$$00000016  c_w.l(libinit2.o)
    0x080203c8   0x080203c8   0x00000000   Code   RO         5560    .ARM.Collect$$libinit$$00000017  c_w.l(libinit2.o)
    0x080203c8   0x080203c8   0x00000000   Code   RO         5562    .ARM.Collect$$libinit$$00000019  c_w.l(libinit2.o)
    0x080203c8   0x080203c8   0x00000000   Code   RO         5564    .ARM.Collect$$libinit$$0000001B  c_w.l(libinit2.o)
    0x080203c8   0x080203c8   0x00000000   Code   RO         5566    .ARM.Collect$$libinit$$0000001D  c_w.l(libinit2.o)
    0x080203c8   0x080203c8   0x00000000   Code   RO         5568    .ARM.Collect$$libinit$$0000001F  c_w.l(libinit2.o)
    0x080203c8   0x080203c8   0x00000000   Code   RO         5570    .ARM.Collect$$libinit$$00000021  c_w.l(libinit2.o)
    0x080203c8   0x080203c8   0x00000000   Code   RO         5572    .ARM.Collect$$libinit$$00000023  c_w.l(libinit2.o)
    0x080203c8   0x080203c8   0x00000000   Code   RO         5574    .ARM.Collect$$libinit$$00000025  c_w.l(libinit2.o)
    0x080203c8   0x080203c8   0x00000000   Code   RO         5578    .ARM.Collect$$libinit$$0000002C  c_w.l(libinit2.o)
    0x080203c8   0x080203c8   0x00000000   Code   RO         5580    .ARM.Collect$$libinit$$0000002E  c_w.l(libinit2.o)
    0x080203c8   0x080203c8   0x00000000   Code   RO         5582    .ARM.Collect$$libinit$$00000030  c_w.l(libinit2.o)
    0x080203c8   0x080203c8   0x00000000   Code   RO         5584    .ARM.Collect$$libinit$$00000032  c_w.l(libinit2.o)
    0x080203c8   0x080203c8   0x00000002   Code   RO         5585    .ARM.Collect$$libinit$$00000033  c_w.l(libinit2.o)
    0x080203ca   0x080203ca   0x00000002   Code   RO         5667    .ARM.Collect$$libshutdown$$00000000  c_w.l(libshutdown.o)
    0x080203cc   0x080203cc   0x00000000   Code   RO         5701    .ARM.Collect$$libshutdown$$00000002  c_w.l(libshutdown2.o)
    0x080203cc   0x080203cc   0x00000000   Code   RO         5703    .ARM.Collect$$libshutdown$$00000004  c_w.l(libshutdown2.o)
    0x080203cc   0x080203cc   0x00000000   Code   RO         5705    .ARM.Collect$$libshutdown$$00000006  c_w.l(libshutdown2.o)
    0x080203cc   0x080203cc   0x00000000   Code   RO         5708    .ARM.Collect$$libshutdown$$00000009  c_w.l(libshutdown2.o)
    0x080203cc   0x080203cc   0x00000000   Code   RO         5711    .ARM.Collect$$libshutdown$$0000000C  c_w.l(libshutdown2.o)
    0x080203cc   0x080203cc   0x00000000   Code   RO         5713    .ARM.Collect$$libshutdown$$0000000E  c_w.l(libshutdown2.o)
    0x080203cc   0x080203cc   0x00000000   Code   RO         5716    .ARM.Collect$$libshutdown$$00000011  c_w.l(libshutdown2.o)
    0x080203cc   0x080203cc   0x00000002   Code   RO         5717    .ARM.Collect$$libshutdown$$00000012  c_w.l(libshutdown2.o)
    0x080203ce   0x080203ce   0x00000000   Code   RO         5426    .ARM.Collect$$rtentry$$00000000  c_w.l(__rtentry.o)
    0x080203ce   0x080203ce   0x00000000   Code   RO         5446    .ARM.Collect$$rtentry$$00000002  c_w.l(__rtentry2.o)
    0x080203ce   0x080203ce   0x00000006   Code   RO         5458    .ARM.Collect$$rtentry$$00000004  c_w.l(__rtentry4.o)
    0x080203d4   0x080203d4   0x00000000   Code   RO         5448    .ARM.Collect$$rtentry$$00000009  c_w.l(__rtentry2.o)
    0x080203d4   0x080203d4   0x00000004   Code   RO         5449    .ARM.Collect$$rtentry$$0000000A  c_w.l(__rtentry2.o)
    0x080203d8   0x080203d8   0x00000000   Code   RO         5451    .ARM.Collect$$rtentry$$0000000C  c_w.l(__rtentry2.o)
    0x080203d8   0x080203d8   0x00000008   Code   RO         5452    .ARM.Collect$$rtentry$$0000000D  c_w.l(__rtentry2.o)
    0x080203e0   0x080203e0   0x00000002   Code   RO         5586    .ARM.Collect$$rtexit$$00000000  c_w.l(rtexit.o)
    0x080203e2   0x080203e2   0x00000000   Code   RO         5622    .ARM.Collect$$rtexit$$00000002  c_w.l(rtexit2.o)
    0x080203e2   0x080203e2   0x00000004   Code   RO         5623    .ARM.Collect$$rtexit$$00000003  c_w.l(rtexit2.o)
    0x080203e6   0x080203e6   0x00000006   Code   RO         5624    .ARM.Collect$$rtexit$$00000004  c_w.l(rtexit2.o)
    0x080203ec   0x080203ec   0x00000048   Code   RO            4    .text               startup_stm32h723xx.o
    0x08020434   0x08020434   0x000000ee   Code   RO         5372    .text               c_w.l(lludivv7m.o)
    0x08020522   0x08020522   0x00000002   PAD
    0x08020524   0x08020524   0x00000028   Code   RO         5376    .text               c_w.l(noretval__2sprintf.o)
    0x0802054c   0x0802054c   0x00000068   Code   RO         5378    .text               c_w.l(__printf.o)
    0x080205b4   0x080205b4   0x0000008a   Code   RO         5402    .text               c_w.l(rt_memcpy_v6.o)
    0x0802063e   0x0802063e   0x00000064   Code   RO         5404    .text               c_w.l(rt_memcpy_w.o)
    0x080206a2   0x080206a2   0x00000044   Code   RO         5406    .text               c_w.l(rt_memclr.o)
    0x080206e6   0x080206e6   0x0000004e   Code   RO         5408    .text               c_w.l(rt_memclr_w.o)
    0x08020734   0x08020734   0x00000006   Code   RO         5410    .text               c_w.l(heapauxi.o)
    0x0802073a   0x0802073a   0x00000016   Code   RO         5431    .text               c_w.l(_rserrno.o)
    0x08020750   0x08020750   0x0000041e   Code   RO         5433    .text               c_w.l(_printf_fp_dec.o)
    0x08020b6e   0x08020b6e   0x00000002   PAD
    0x08020b70   0x08020b70   0x00000030   Code   RO         5435    .text               c_w.l(_printf_char_common.o)
    0x08020ba0   0x08020ba0   0x0000000a   Code   RO         5437    .text               c_w.l(_sputc.o)
    0x08020baa   0x08020baa   0x00000002   PAD
    0x08020bac   0x08020bac   0x000000a4   Code   RO         5440    .text               c_w.l(strtod.o)
    0x08020c50   0x08020c50   0x00000008   Code   RO         5465    .text               c_w.l(rt_locale_intlibspace.o)
    0x08020c58   0x08020c58   0x00000008   Code   RO         5470    .text               c_w.l(rt_errno_addr_intlibspace.o)
    0x08020c60   0x08020c60   0x0000008a   Code   RO         5472    .text               c_w.l(lludiv10.o)
    0x08020cea   0x08020cea   0x00000012   Code   RO         5474    .text               c_w.l(isspace.o)
    0x08020cfc   0x08020cfc   0x00000080   Code   RO         5476    .text               c_w.l(_printf_fp_infnan.o)
    0x08020d7c   0x08020d7c   0x00000040   Code   RO         5480    .text               c_w.l(_sgetc.o)
    0x08020dbc   0x08020dbc   0x000000e4   Code   RO         5482    .text               c_w.l(bigflt0.o)
    0x08020ea0   0x08020ea0   0x00000008   Code   RO         5518    .text               c_w.l(libspace.o)
    0x08020ea8   0x08020ea8   0x0000004a   Code   RO         5521    .text               c_w.l(sys_stackheap_outer.o)
    0x08020ef2   0x08020ef2   0x00000002   PAD
    0x08020ef4   0x08020ef4   0x00000010   Code   RO         5523    .text               c_w.l(rt_ctype_table.o)
    0x08020f04   0x08020f04   0x000004f8   Code   RO         5525    .text               c_w.l(scanf_fp.o)
    0x080213fc   0x080213fc   0x00000012   Code   RO         5527    .text               c_w.l(exit.o)
    0x0802140e   0x0802140e   0x00000002   PAD
    0x08021410   0x08021410   0x00000068   Code   RO         5533    .text               c_w.l(strcmpv7m_pel.o)
    0x08021478   0x08021478   0x0000000c   Code   RO         5619    .text               c_w.l(sys_exit.o)
    0x08021484   0x08021484   0x00000320   Code   RO         5628    .text               c_w.l(scanf_hexfp.o)
    0x080217a4   0x080217a4   0x00000134   Code   RO         5630    .text               c_w.l(scanf_infnan.o)
    0x080218d8   0x080218d8   0x00000002   Code   RO         5650    .text               c_w.l(use_no_semi.o)
    0x080218da   0x080218da   0x00000000   Code   RO         5652    .text               c_w.l(indicate_semi.o)
    0x080218da   0x080218da   0x00000026   Code   RO         5655    .text               c_w.l(llshl.o)
    0x08021900   0x08021900   0x0000001c   Code   RO         5657    .text               c_w.l(_chval.o)
    0x0802191c   0x0802191c   0x0000003e   Code   RO         5485    CL$$btod_d2e        c_w.l(btod.o)
    0x0802195a   0x0802195a   0x00000046   Code   RO         5487    CL$$btod_d2e_denorm_low  c_w.l(btod.o)
    0x080219a0   0x080219a0   0x00000060   Code   RO         5486    CL$$btod_d2e_norm_op1  c_w.l(btod.o)
    0x08021a00   0x08021a00   0x00000338   Code   RO         5495    CL$$btod_div_common  c_w.l(btod.o)
    0x08021d38   0x08021d38   0x00000084   Code   RO         5493    CL$$btod_e2d        c_w.l(btod.o)
    0x08021dbc   0x08021dbc   0x000000dc   Code   RO         5492    CL$$btod_e2e        c_w.l(btod.o)
    0x08021e98   0x08021e98   0x0000002a   Code   RO         5489    CL$$btod_ediv       c_w.l(btod.o)
    0x08021ec2   0x08021ec2   0x0000002a   Code   RO         5491    CL$$btod_edivd      c_w.l(btod.o)
    0x08021eec   0x08021eec   0x0000002a   Code   RO         5488    CL$$btod_emul       c_w.l(btod.o)
    0x08021f16   0x08021f16   0x0000002a   Code   RO         5490    CL$$btod_emuld      c_w.l(btod.o)
    0x08021f40   0x08021f40   0x00000244   Code   RO         5494    CL$$btod_mult_common  c_w.l(btod.o)
    0x08022184   0x08022184   0x00000150   Code   RO         5032    i.AddSample         mt6agcs.o
    0x080222d4   0x080222d4   0x00000004   Code   RO          440    i.BusFault_Handler  stm32h7xx_it.o
    0x080222d8   0x080222d8   0x00000010   Code   RO          441    i.DMA1_Stream4_IRQHandler  stm32h7xx_it.o
    0x080222e8   0x080222e8   0x000000ec   Code   RO         1436    i.DMA_CalcBaseAndBitshift  stm32h7xx_hal_dma.o
    0x080223d4   0x080223d4   0x000000c4   Code   RO         1437    i.DMA_CalcDMAMUXChannelBaseAndMask  stm32h7xx_hal_dma.o
    0x08022498   0x08022498   0x00000098   Code   RO         1438    i.DMA_CalcDMAMUXRequestGenBaseAndMask  stm32h7xx_hal_dma.o
    0x08022530   0x08022530   0x000000ae   Code   RO         1439    i.DMA_CheckFifoParam  stm32h7xx_hal_dma.o
    0x080225de   0x080225de   0x00000002   PAD
    0x080225e0   0x080225e0   0x00000274   Code   RO         1440    i.DMA_SetConfig     stm32h7xx_hal_dma.o
    0x08022854   0x08022854   0x00000002   Code   RO          442    i.DebugMon_Handler  stm32h7xx_it.o
    0x08022856   0x08022856   0x00000006   Code   RO           13    i.Error_Handler     main.o
    0x0802285c   0x0802285c   0x00000024   Code   RO         4989    i.ExitRun0Mode      system_stm32h7xx.o
    0x08022880   0x08022880   0x00000030   Code   RO         1112    i.FLASH_Erase_Sector  stm32h7xx_hal_flash_ex.o
    0x080228b0   0x080228b0   0x0000002c   Code   RO         1113    i.FLASH_MassErase   stm32h7xx_hal_flash_ex.o
    0x080228dc   0x080228dc   0x00000084   Code   RO         1004    i.FLASH_WaitForLastOperation  stm32h7xx_hal_flash.o
    0x08022960   0x08022960   0x000000b4   Code   RO         5033    i.Frame_Protocol_Packet_Send1  mt6agcs.o
    0x08022a14   0x08022a14   0x000000c8   Code   RO         5034    i.Frame_Protocol_Packet_Send2  mt6agcs.o
    0x08022adc   0x08022adc   0x000000cc   Code   RO         5035    i.Frame_Protocol_Packet_Send3  mt6agcs.o
    0x08022ba8   0x08022ba8   0x000004dc   Code   RO         1441    i.HAL_DMA_Abort     stm32h7xx_hal_dma.o
    0x08023084   0x08023084   0x00000398   Code   RO         1442    i.HAL_DMA_Abort_IT  stm32h7xx_hal_dma.o
    0x0802341c   0x0802341c   0x00000af8   Code   RO         1446    i.HAL_DMA_IRQHandler  stm32h7xx_hal_dma.o
    0x08023f14   0x08023f14   0x00000514   Code   RO         1447    i.HAL_DMA_Init      stm32h7xx_hal_dma.o
    0x08024428   0x08024428   0x000003e0   Code   RO         1451    i.HAL_DMA_Start_IT  stm32h7xx_hal_dma.o
    0x08024808   0x08024808   0x000000d4   Code   RO         1134    i.HAL_FLASHEx_Erase  stm32h7xx_hal_flash_ex.o
    0x080248dc   0x080248dc   0x00000024   Code   RO         1008    i.HAL_FLASH_Lock    stm32h7xx_hal_flash.o
    0x08024900   0x08024900   0x000000ec   Code   RO         1013    i.HAL_FLASH_Program  stm32h7xx_hal_flash.o
    0x080249ec   0x080249ec   0x00000034   Code   RO         1015    i.HAL_FLASH_Unlock  stm32h7xx_hal_flash.o
    0x08024a20   0x08024a20   0x000001f0   Code   RO         1289    i.HAL_GPIO_Init     stm32h7xx_hal_gpio.o
    0x08024c10   0x08024c10   0x0000000c   Code   RO         1293    i.HAL_GPIO_WritePin  stm32h7xx_hal_gpio.o
    0x08024c1c   0x08024c1c   0x0000000c   Code   RO         2154    i.HAL_GetTick       stm32h7xx_hal.o
    0x08024c28   0x08024c28   0x00000018   Code   RO         2160    i.HAL_IncTick       stm32h7xx_hal.o
    0x08024c40   0x08024c40   0x00000060   Code   RO         2161    i.HAL_Init          stm32h7xx_hal.o
    0x08024ca0   0x08024ca0   0x00000058   Code   RO         2162    i.HAL_InitTick      stm32h7xx_hal.o
    0x08024cf8   0x08024cf8   0x00000024   Code   RO          534    i.HAL_MspInit       stm32h7xx_hal_msp.o
    0x08024d1c   0x08024d1c   0x00000028   Code   RO          566    i.HAL_NVIC_EnableIRQ  stm32h7xx_hal_cortex.o
    0x08024d44   0x08024d44   0x0000007a   Code   RO          572    i.HAL_NVIC_SetPriority  stm32h7xx_hal_cortex.o
    0x08024dbe   0x08024dbe   0x00000002   PAD
    0x08024dc0   0x08024dc0   0x00000028   Code   RO          573    i.HAL_NVIC_SetPriorityGrouping  stm32h7xx_hal_cortex.o
    0x08024de8   0x08024de8   0x00000060   Code   RO         1890    i.HAL_PWREx_ConfigSupply  stm32h7xx_hal_pwr_ex.o
    0x08024e48   0x08024e48   0x00000024   Code   RO          832    i.HAL_RCCEx_GetD3PCLK1Freq  stm32h7xx_hal_rcc_ex.o
    0x08024e6c   0x08024e6c   0x00000230   Code   RO          834    i.HAL_RCCEx_GetPLL2ClockFreq  stm32h7xx_hal_rcc_ex.o
    0x0802509c   0x0802509c   0x00000230   Code   RO          835    i.HAL_RCCEx_GetPLL3ClockFreq  stm32h7xx_hal_rcc_ex.o
    0x080252cc   0x080252cc   0x00000cc8   Code   RO          841    i.HAL_RCCEx_PeriphCLKConfig  stm32h7xx_hal_rcc_ex.o
    0x08025f94   0x08025f94   0x00000320   Code   RO          717    i.HAL_RCC_ClockConfig  stm32h7xx_hal_rcc.o
    0x080262b4   0x080262b4   0x0000004c   Code   RO          722    i.HAL_RCC_GetHCLKFreq  stm32h7xx_hal_rcc.o
    0x08026300   0x08026300   0x00000024   Code   RO          724    i.HAL_RCC_GetPCLK1Freq  stm32h7xx_hal_rcc.o
    0x08026324   0x08026324   0x00000024   Code   RO          725    i.HAL_RCC_GetPCLK2Freq  stm32h7xx_hal_rcc.o
    0x08026348   0x08026348   0x0000022c   Code   RO          726    i.HAL_RCC_GetSysClockFreq  stm32h7xx_hal_rcc.o
    0x08026574   0x08026574   0x0000075c   Code   RO          729    i.HAL_RCC_OscConfig  stm32h7xx_hal_rcc.o
    0x08026cd0   0x08026cd0   0x000001b0   Code   RO         3088    i.HAL_SPI_Init      stm32h7xx_hal_spi.o
    0x08026e80   0x08026e80   0x00000224   Code   RO          291    i.HAL_SPI_MspInit   spi.o
    0x080270a4   0x080270a4   0x000002b4   Code   RO         3097    i.HAL_SPI_Transmit  stm32h7xx_hal_spi.o
    0x08027358   0x08027358   0x00000454   Code   RO         3098    i.HAL_SPI_TransmitReceive  stm32h7xx_hal_spi.o
    0x080277ac   0x080277ac   0x00000014   Code   RO         2168    i.HAL_SYSCFG_AnalogSwitchConfig  stm32h7xx_hal.o
    0x080277c0   0x080277c0   0x00000034   Code   RO          577    i.HAL_SYSTICK_Config  stm32h7xx_hal_cortex.o
    0x080277f4   0x080277f4   0x00000002   Code   RO         4138    i.HAL_TIMEx_Break2Callback  stm32h7xx_hal_tim_ex.o
    0x080277f6   0x080277f6   0x00000002   Code   RO         4139    i.HAL_TIMEx_BreakCallback  stm32h7xx_hal_tim_ex.o
    0x080277f8   0x080277f8   0x00000002   Code   RO         4140    i.HAL_TIMEx_CommutCallback  stm32h7xx_hal_tim_ex.o
    0x080277fa   0x080277fa   0x00000002   PAD
    0x080277fc   0x080277fc   0x000000e4   Code   RO         4161    i.HAL_TIMEx_MasterConfigSynchronization  stm32h7xx_hal_tim_ex.o
    0x080278e0   0x080278e0   0x0000006e   Code   RO         3413    i.HAL_TIM_Base_Init  stm32h7xx_hal_tim.o
    0x0802794e   0x0802794e   0x00000002   PAD
    0x08027950   0x08027950   0x00000068   Code   RO          351    i.HAL_TIM_Base_MspInit  tim.o
    0x080279b8   0x080279b8   0x000000c0   Code   RO         3416    i.HAL_TIM_Base_Start  stm32h7xx_hal_tim.o
    0x08027a78   0x08027a78   0x000000cc   Code   RO         3418    i.HAL_TIM_Base_Start_IT  stm32h7xx_hal_tim.o
    0x08027b44   0x08027b44   0x00000134   Code   RO         3422    i.HAL_TIM_ConfigClockSource  stm32h7xx_hal_tim.o
    0x08027c78   0x08027c78   0x00000002   Code   RO         3447    i.HAL_TIM_IC_CaptureCallback  stm32h7xx_hal_tim.o
    0x08027c7a   0x08027c7a   0x00000198   Code   RO         3461    i.HAL_TIM_IRQHandler  stm32h7xx_hal_tim.o
    0x08027e12   0x08027e12   0x00000002   Code   RO         3464    i.HAL_TIM_OC_DelayElapsedCallback  stm32h7xx_hal_tim.o
    0x08027e14   0x08027e14   0x00000002   Code   RO         3491    i.HAL_TIM_PWM_PulseFinishedCallback  stm32h7xx_hal_tim.o
    0x08027e16   0x08027e16   0x00000002   Code   RO         3499    i.HAL_TIM_PeriodElapsedCallback  stm32h7xx_hal_tim.o
    0x08027e18   0x08027e18   0x00000002   Code   RO         3504    i.HAL_TIM_TriggerCallback  stm32h7xx_hal_tim.o
    0x08027e1a   0x08027e1a   0x0000004e   Code   RO         4866    i.HAL_UARTEx_DisableFifoMode  stm32h7xx_hal_uart_ex.o
    0x08027e68   0x08027e68   0x00000002   Code   RO         4450    i.HAL_UARTEx_RxEventCallback  stm32h7xx_hal_uart.o
    0x08027e6a   0x08027e6a   0x00000002   Code   RO         4874    i.HAL_UARTEx_RxFifoFullCallback  stm32h7xx_hal_uart_ex.o
    0x08027e6c   0x08027e6c   0x0000005e   Code   RO         4875    i.HAL_UARTEx_SetRxFifoThreshold  stm32h7xx_hal_uart_ex.o
    0x08027eca   0x08027eca   0x0000005e   Code   RO         4876    i.HAL_UARTEx_SetTxFifoThreshold  stm32h7xx_hal_uart_ex.o
    0x08027f28   0x08027f28   0x00000002   Code   RO         4878    i.HAL_UARTEx_TxFifoEmptyCallback  stm32h7xx_hal_uart_ex.o
    0x08027f2a   0x08027f2a   0x00000002   Code   RO         4879    i.HAL_UARTEx_WakeupCallback  stm32h7xx_hal_uart_ex.o
    0x08027f2c   0x08027f2c   0x00000002   Code   RO         4466    i.HAL_UART_ErrorCallback  stm32h7xx_hal_uart.o
    0x08027f2e   0x08027f2e   0x00000002   PAD
    0x08027f30   0x08027f30   0x000004b6   Code   RO         4469    i.HAL_UART_IRQHandler  stm32h7xx_hal_uart.o
    0x080283e6   0x080283e6   0x00000078   Code   RO         4470    i.HAL_UART_Init     stm32h7xx_hal_uart.o
    0x0802845e   0x0802845e   0x00000002   PAD
    0x08028460   0x08028460   0x000000f4   Code   RO          399    i.HAL_UART_MspInit  usart.o
    0x08028554   0x08028554   0x0000005c   Code   RO         4475    i.HAL_UART_Receive_IT  stm32h7xx_hal_uart.o
    0x080285b0   0x080285b0   0x000000e4   Code   RO         5325    i.HAL_UART_RxCpltCallback  uart_x.o
    0x08028694   0x08028694   0x000000a0   Code   RO         4480    i.HAL_UART_Transmit_DMA  stm32h7xx_hal_uart.o
    0x08028734   0x08028734   0x00000002   Code   RO         4482    i.HAL_UART_TxCpltCallback  stm32h7xx_hal_uart.o
    0x08028736   0x08028736   0x00000002   Code   RO         4483    i.HAL_UART_TxHalfCpltCallback  stm32h7xx_hal_uart.o
    0x08028738   0x08028738   0x00000004   Code   RO          443    i.HardFault_Handler  stm32h7xx_it.o
    0x0802873c   0x0802873c   0x000001c8   Code   RO         5036    i.MT6_Init          mt6agcs.o
    0x08028904   0x08028904   0x0000003c   Code   RO         5037    i.MT6_Read          mt6agcs.o
    0x08028940   0x08028940   0x000001b0   Code   RO         5038    i.MT6_ReadData      mt6agcs.o
    0x08028af0   0x08028af0   0x00000018   Code   RO         5326    i.MT6_SendData      uart_x.o
    0x08028b08   0x08028b08   0x00000024   Code   RO         5039    i.MT6_WriteReg      mt6agcs.o
    0x08028b2c   0x08028b2c   0x00000034   Code   RO          248    i.MX_DMA_Init       dma.o
    0x08028b60   0x08028b60   0x00000160   Code   RO          220    i.MX_GPIO_Init      gpio.o
    0x08028cc0   0x08028cc0   0x00000064   Code   RO          292    i.MX_SPI2_Init      spi.o
    0x08028d24   0x08028d24   0x00000064   Code   RO          293    i.MX_SPI3_Init      spi.o
    0x08028d88   0x08028d88   0x00000064   Code   RO          294    i.MX_SPI4_Init      spi.o
    0x08028dec   0x08028dec   0x00000064   Code   RO          295    i.MX_SPI6_Init      spi.o
    0x08028e50   0x08028e50   0x0000006c   Code   RO          352    i.MX_TIM2_Init      tim.o
    0x08028ebc   0x08028ebc   0x000000a4   Code   RO          353    i.MX_TIM7_Init      tim.o
    0x08028f60   0x08028f60   0x0000006c   Code   RO          400    i.MX_USART1_UART_Init  usart.o
    0x08028fcc   0x08028fcc   0x00000004   Code   RO          444    i.MemManage_Handler  stm32h7xx_it.o
    0x08028fd0   0x08028fd0   0x00000004   Code   RO          445    i.NMI_Handler       stm32h7xx_it.o
    0x08028fd4   0x08028fd4   0x00000002   Code   RO          446    i.PendSV_Handler    stm32h7xx_it.o
    0x08028fd6   0x08028fd6   0x00000002   PAD
    0x08028fd8   0x08028fd8   0x00000164   Code   RO          844    i.RCCEx_PLL2_Config  stm32h7xx_hal_rcc_ex.o
    0x0802913c   0x0802913c   0x00000164   Code   RO          845    i.RCCEx_PLL3_Config  stm32h7xx_hal_rcc_ex.o
    0x080292a0   0x080292a0   0x000000d6   Code   RO         3108    i.SPI_CloseTransfer  stm32h7xx_hal_spi.o
    0x08029376   0x08029376   0x0000001a   Code   RO         3119    i.SPI_GetPacketSize  stm32h7xx_hal_spi.o
    0x08029390   0x08029390   0x00000042   Code   RO         3126    i.SPI_WaitOnFlagUntilTimeout  stm32h7xx_hal_spi.o
    0x080293d2   0x080293d2   0x00000002   PAD
    0x080293d4   0x080293d4   0x00000068   Code   RO         5116    i.STMFLASH_GetFlashSector  stmflash.o
    0x0802943c   0x0802943c   0x00000020   Code   RO         5117    i.STMFLASH_Read     stmflash.o
    0x0802945c   0x0802945c   0x00000006   Code   RO         5118    i.STMFLASH_ReadWord  stmflash.o
    0x08029462   0x08029462   0x00000002   PAD
    0x08029464   0x08029464   0x00000140   Code   RO         5119    i.STMFLASH_Write    stmflash.o
    0x080295a4   0x080295a4   0x00000002   Code   RO          447    i.SVC_Handler       stm32h7xx_it.o
    0x080295a6   0x080295a6   0x00000008   Code   RO          448    i.SysTick_Handler   stm32h7xx_it.o
    0x080295ae   0x080295ae   0x00000002   PAD
    0x080295b0   0x080295b0   0x000000bc   Code   RO           15    i.SystemClock_Config  main.o
    0x0802966c   0x0802966c   0x0000010c   Code   RO         4991    i.SystemInit        system_stm32h7xx.o
    0x08029778   0x08029778   0x00000018   Code   RO          449    i.TIM7_IRQHandler   stm32h7xx_it.o
    0x08029790   0x08029790   0x000000e8   Code   RO         3506    i.TIM_Base_SetConfig  stm32h7xx_hal_tim.o
    0x08029878   0x08029878   0x00000016   Code   RO         3517    i.TIM_ETR_SetConfig  stm32h7xx_hal_tim.o
    0x0802988e   0x0802988e   0x00000002   PAD
    0x08029890   0x08029890   0x00000018   Code   RO         3518    i.TIM_ITRx_SetConfig  stm32h7xx_hal_tim.o
    0x080298a8   0x080298a8   0x00000026   Code   RO         3526    i.TIM_TI1_ConfigInputStage  stm32h7xx_hal_tim.o
    0x080298ce   0x080298ce   0x00000028   Code   RO         3528    i.TIM_TI2_ConfigInputStage  stm32h7xx_hal_tim.o
    0x080298f6   0x080298f6   0x00000002   PAD
    0x080298f8   0x080298f8   0x00000058   Code   RO         4880    i.UARTEx_SetNbDataToProcess  stm32h7xx_hal_uart_ex.o
    0x08029950   0x08029950   0x000000f8   Code   RO         4484    i.UART_AdvFeatureConfig  stm32h7xx_hal_uart.o
    0x08029a48   0x08029a48   0x000000ea   Code   RO         4485    i.UART_CheckIdleState  stm32h7xx_hal_uart.o
    0x08029b32   0x08029b32   0x00000014   Code   RO         4486    i.UART_DMAAbortOnError  stm32h7xx_hal_uart.o
    0x08029b46   0x08029b46   0x0000005e   Code   RO         4487    i.UART_DMAError     stm32h7xx_hal_uart.o
    0x08029ba4   0x08029ba4   0x00000054   Code   RO         4492    i.UART_DMATransmitCplt  stm32h7xx_hal_uart.o
    0x08029bf8   0x08029bf8   0x0000000e   Code   RO         4494    i.UART_DMATxHalfCplt  stm32h7xx_hal_uart.o
    0x08029c06   0x08029c06   0x00000002   PAD
    0x08029c08   0x08029c08   0x0000006c   Code   RO         4496    i.UART_EndRxTransfer  stm32h7xx_hal_uart.o
    0x08029c74   0x08029c74   0x00000030   Code   RO         4497    i.UART_EndTransmit_IT  stm32h7xx_hal_uart.o
    0x08029ca4   0x08029ca4   0x00000040   Code   RO         4498    i.UART_EndTxTransfer  stm32h7xx_hal_uart.o
    0x08029ce4   0x08029ce4   0x00000104   Code   RO         4499    i.UART_RxISR_16BIT  stm32h7xx_hal_uart.o
    0x08029de8   0x08029de8   0x00000200   Code   RO         4500    i.UART_RxISR_16BIT_FIFOEN  stm32h7xx_hal_uart.o
    0x08029fe8   0x08029fe8   0x00000104   Code   RO         4501    i.UART_RxISR_8BIT   stm32h7xx_hal_uart.o
    0x0802a0ec   0x0802a0ec   0x000001fc   Code   RO         4502    i.UART_RxISR_8BIT_FIFOEN  stm32h7xx_hal_uart.o
    0x0802a2e8   0x0802a2e8   0x00000628   Code   RO         4503    i.UART_SetConfig    stm32h7xx_hal_uart.o
    0x0802a910   0x0802a910   0x0000015c   Code   RO         4505    i.UART_Start_Receive_IT  stm32h7xx_hal_uart.o
    0x0802aa6c   0x0802aa6c   0x000000ac   Code   RO         4510    i.UART_WaitOnFlagUntilTimeout  stm32h7xx_hal_uart.o
    0x0802ab18   0x0802ab18   0x00000010   Code   RO          450    i.USART1_IRQHandler  stm32h7xx_it.o
    0x0802ab28   0x0802ab28   0x00000004   Code   RO          451    i.UsageFault_Handler  stm32h7xx_it.o
    0x0802ab2c   0x0802ab2c   0x00000030   Code   RO         5516    i.__ARM_fpclassify  m_wv.l(fpclassify.o)
    0x0802ab5c   0x0802ab5c   0x00000010   Code   RO          579    i.__NVIC_GetPriorityGrouping  stm32h7xx_hal_cortex.o
    0x0802ab6c   0x0802ab6c   0x00000028   Code   RO          580    i.__NVIC_SetPriority  stm32h7xx_hal_cortex.o
    0x0802ab94   0x0802ab94   0x00000004   PAD
    0x0802ab98   0x0802ab98   0x000000dc   Code   RO         5611    i.__hardfp___mathlib_tofloat  m_wv.l(narrow.o)
    0x0802ac74   0x0802ac74   0x00000004   PAD
    0x0802ac78   0x0802ac78   0x00000038   Code   RO         5416    i.__hardfp_atof     m_wv.l(atof.o)
    0x0802acb0   0x0802acb0   0x000000a0   Code   RO         5422    i.__hardfp_round    m_wv.l(round.o)
    0x0802ad50   0x0802ad50   0x00000018   Code   RO         5724    i.__mathlib_dbl_overflow  m_wv.l(dunder.o)
    0x0802ad68   0x0802ad68   0x00000018   Code   RO         5726    i.__mathlib_dbl_underflow  m_wv.l(dunder.o)
    0x0802ad80   0x0802ad80   0x00000012   Code   RO         5612    i.__mathlib_narrow  m_wv.l(narrow.o)
    0x0802ad92   0x0802ad92   0x00000006   PAD
    0x0802ad98   0x0802ad98   0x000000b8   Code   RO         5670    i.__support_ldexp   m_wv.l(ldexp.o)
    0x0802ae50   0x0802ae50   0x0000000e   Code   RO         5390    i._is_digit         c_w.l(__printf_wp.o)
    0x0802ae5e   0x0802ae5e   0x00000002   PAD
    0x0802ae60   0x0802ae60   0x000000d8   Code   RO         5162    i.accTempCompensate  calibration.o
    0x0802af38   0x0802af38   0x000000d0   Code   RO         5163    i.assignmentStruct  calibration.o
    0x0802b008   0x0802b008   0x00000110   Code   RO         5164    i.calibrateAllSensor  calibration.o
    0x0802b118   0x0802b118   0x000000f4   Code   RO         5165    i.changeAxialAndPolarity  calibration.o
    0x0802b20c   0x0802b20c   0x00000026   Code   RO         5166    i.changeTPart       calibration.o
    0x0802b232   0x0802b232   0x00000026   Code   RO         5167    i.changeTPart2      calibration.o
    0x0802b258   0x0802b258   0x00000040   Code   RO         5040    i.float_to_3byte    mt6agcs.o
    0x0802b298   0x0802b298   0x0000008c   Code   RO         5642    i.frexp             m_wv.l(frexp.o)
    0x0802b324   0x0802b324   0x00000146   Code   RO         5168    i.gyroPartCompensate  calibration.o
    0x0802b46a   0x0802b46a   0x00000002   PAD
    0x0802b46c   0x0802b46c   0x000000e8   Code   RO         5169    i.gyroTempCompensate  calibration.o
    0x0802b554   0x0802b554   0x0000009c   Code   RO         5172    i.imuProcess        calibration.o
    0x0802b5f0   0x0802b5f0   0x000000bc   Code   RO         5174    i.lowPassFilter     calibration.o
    0x0802b6ac   0x0802b6ac   0x00000280   Code   RO           16    i.main              main.o
    0x0802b92c   0x0802b92c   0x00000174   Code   RO         5176    i.meanFusion        calibration.o
    0x0802baa0   0x0802baa0   0x00000134   Code   RO         5327    i.process_command_frame  uart_x.o
    0x0802bbd4   0x0802bbd4   0x00000124   Code   RO         5287    i.read_cs_data      parameter.o
    0x0802bcf8   0x0802bcf8   0x00000028   Code   RO         5288    i.str_compare       parameter.o
    0x0802bd20   0x0802bd20   0x0000001a   Code   RO         5041    i.sum_bytes         mt6agcs.o
    0x0802bd3a   0x0802bd3a   0x00000042   Code   RO         5177    i.whichPart         calibration.o
    0x0802bd7c   0x0802bd7c   0x0000002c   Code   RO         5508    locale$$code        c_w.l(lc_numeric_c.o)
    0x0802bda8   0x0802bda8   0x0000002c   Code   RO         5591    locale$$code        c_w.l(lc_ctype_c.o)
    0x0802bdd4   0x0802bdd4   0x00000010   Code   RO         5735    x$fpl$dcheck1       fz_wv.l(dcheck1.o)
    0x0802bde4   0x0802bde4   0x0000009c   Code   RO         5510    x$fpl$dnaninf       fz_wv.l(dnaninf.o)
    0x0802be80   0x0802be80   0x000000b4   Code   RO         5442    x$fpl$drnd          fz_wv.l(drnd.o)
    0x0802bf34   0x0802bf34   0x0000000a   Code   RO         5603    x$fpl$fpinit        fz_wv.l(fpinit.o)
    0x0802bf3e   0x0802bf3e   0x00000006   Code   RO         5512    x$fpl$ieeestatus    fz_wv.l(istatus.o)
    0x0802bf44   0x0802bf44   0x00000004   Code   RO         5414    x$fpl$printf1       fz_wv.l(printf1.o)
    0x0802bf48   0x0802bf48   0x00000064   Code   RO         5737    x$fpl$retnan        fz_wv.l(retnan.o)
    0x0802bfac   0x0802bfac   0x0000005c   Code   RO         5718    x$fpl$scalbn        fz_wv.l(scalbn.o)
    0x0802c008   0x0802c008   0x00000004   Code   RO         5514    x$fpl$scanf1        fz_wv.l(scanf1.o)
    0x0802c00c   0x0802c00c   0x00000008   Code   RO         5605    x$fpl$scanf2        fz_wv.l(scanf2.o)
    0x0802c014   0x0802c014   0x00000030   Code   RO         5739    x$fpl$trapveneer    fz_wv.l(trapv.o)
    0x0802c044   0x0802c044   0x00000000   Code   RO         5444    x$fpl$usenofp       fz_wv.l(usenofp.o)
    0x0802c044   0x0802c044   0x00000008   Data   RO         1453    .constdata          stm32h7xx_hal_dma.o
    0x0802c04c   0x0802c04c   0x00000018   Data   RO         4511    .constdata          stm32h7xx_hal_uart.o
    0x0802c064   0x0802c064   0x00000010   Data   RO         4882    .constdata          stm32h7xx_hal_uart_ex.o
    0x0802c074   0x0802c074   0x00000010   Data   RO         4992    .constdata          system_stm32h7xx.o
    0x0802c084   0x0802c084   0x00000010   Data   RO         5044    .constdata          mt6agcs.o
    0x0802c094   0x0802c094   0x00000094   Data   RO         5483    .constdata          c_w.l(bigflt0.o)
    0x0802c128   0x0802c128   0x00000050   Data   RO         5741    Region$$Table       anon$$obj.o
    0x0802c178   0x0802c178   0x00000008   Data   RO         5599    c$$dinf             fz_wv.l(fpconst.o)
    0x0802c180   0x0802c180   0x00000008   Data   RO         5602    c$$dmax             fz_wv.l(fpconst.o)
    0x0802c188   0x0802c188   0x0000001c   Data   RO         5507    locale$$data        c_w.l(lc_numeric_c.o)
    0x0802c1a4   0x0802c1a4   0x00000110   Data   RO         5590    locale$$data        c_w.l(lc_ctype_c.o)


    Execution Region RW_IRAM1 (Exec base: 0x20000000, Load base: 0x0802c2b4, Size: 0x00001ccc, Max: 0x00020000, ABSOLUTE)

    Exec Addr    Load Addr    Size         Type   Attr      Idx    E Section Name        Object

    0x20000000   0x0802c2b4   0x00000009   Data   RW         2185    .data               stm32h7xx_hal.o
    0x20000009   0x0802c2bd   0x00000003   PAD
    0x2000000c   0x0802c2c0   0x00000008   Data   RW         4993    .data               system_stm32h7xx.o
    0x20000014   0x0802c2c8   0x00000008   Data   RW         5290    .data               parameter.o
    0x2000001c   0x0802c2d0   0x00000009   Data   RW         5329    .data               uart_x.o
    0x20000025   0x0802c2d9   0x00000003   PAD
    0x20000028        -       0x00000178   Zero   RW           17    .bss                main.o
    0x200001a0        -       0x00000220   Zero   RW          296    .bss                spi.o
    0x200003c0        -       0x00000098   Zero   RW          354    .bss                tim.o
    0x20000458        -       0x0000001c   Zero   RW         1016    .bss                stm32h7xx_hal_flash.o
    0x20000474        -       0x0000022e   Zero   RW         5043    .bss                mt6agcs.o
    0x200006a2   0x0802c2d9   0x00000002   PAD
    0x200006a4        -       0x0000000c   Zero   RW         5178    .bss                calibration.o
    0x200006b0        -       0x00001612   Zero   RW         5289    .bss                parameter.o
    0x20001cc2        -       0x0000000a   Zero   RW         5328    .bss                uart_x.o


    Execution Region RW_IRAM2 (Exec base: 0x24000000, Load base: 0x0802c2dc, Size: 0x00001cc8, Max: 0x00020000, ABSOLUTE, COMPRESSED[0x000000ec])

    Exec Addr    Load Addr    Size         Type   Attr      Idx    E Section Name        Object

    0x24000000   COMPRESSED   0x00000058   Data   RW         5045    .data               mt6agcs.o
    0x24000058   COMPRESSED   0x00001500   Data   RW         5179    .data               calibration.o
    0x24001558        -       0x0000010c   Zero   RW          401    .bss                usart.o
    0x24001664        -       0x00000060   Zero   RW         5519    .bss                c_w.l(libspace.o)
    0x240016c4   COMPRESSED   0x00000004   PAD
    0x240016c8        -       0x00000200   Zero   RW            2    HEAP                startup_stm32h723xx.o
    0x240018c8        -       0x00000400   Zero   RW            1    STACK               startup_stm32h723xx.o


    Execution Region RW_IRAM3 (Exec base: 0x24020000, Load base: 0x0802c3c8, Size: 0x00000100, Max: 0x00030000, ABSOLUTE)

    Exec Addr    Load Addr    Size         Type   Attr      Idx    E Section Name        Object

    0x24020000   0x0802c3c8   0x00000100   Data   RW         5042    .RAM_D1             mt6agcs.o


==============================================================================

Image component sizes


      Code (inc. data)   RO Data    RW Data    ZI Data      Debug   Object Name

      2356         70          0       5376         12      10139   calibration.o
        52          4          0          0          0        882   dma.o
       352         22          0          0          0       1219   gpio.o
       834         50          0          0        376    1245188   main.o
      1994        136         16        344        558      11965   mt6agcs.o
       332         28          0          8       5650       2749   parameter.o
       948         78          0          0        544       3924   spi.o
        72         30        716          0       1536        848   startup_stm32h723xx.o
       240         50          0          9          0      23717   stm32h7xx_hal.o
       310         22          0          0          0      40043   stm32h7xx_hal_cortex.o
      8650        164          8          0          0      13422   stm32h7xx_hal_dma.o
       456         40          0          0         28      13750   stm32h7xx_hal_flash.o
       304         22          0          0          0       2773   stm32h7xx_hal_flash_ex.o
       508         50          0          0          0       2236   stm32h7xx_hal_gpio.o
        36          4          0          0          0        930   stm32h7xx_hal_msp.o
        96          6          0          0          0        773   stm32h7xx_hal_pwr_ex.o
      3388        110          0          0          0       6940   stm32h7xx_hal_rcc.o
      5140        112          0          0          0       7337   stm32h7xx_hal_rcc_ex.o
      2538         26          0          0          0       7036   stm32h7xx_hal_spi.o
      1588        144          0          0          0      11300   stm32h7xx_hal_tim.o
       234         38          0          0          0       3296   stm32h7xx_hal_tim_ex.o
      6136        220         24          0          0      41524   stm32h7xx_hal_uart.o
       360         10         16          0          0       5550   stm32h7xx_hal_uart_ex.o
        90         20          0          0          0       5702   stm32h7xx_it.o
       462         42          0          0          0      39382   stmflash.o
       304         38         16          8          0       1889   system_stm32h7xx.o
       376         28          0          0        152       2531   tim.o
       560         54          0          9         10       3463   uart_x.o
       352         30          0          0        268       2001   usart.o

    ----------------------------------------------------------------------
     39100       1652        876       5760       9136    1512509   Object Totals
         0          0         80          0          0          0   (incl. Generated)
        32          4          0          6          2          0   (incl. Padding)

    ----------------------------------------------------------------------

      Code (inc. data)   RO Data    RW Data    ZI Data      Debug   Library Member Name

        90          0          0          0          0          0   __dczerorl2.o
         8          0          0          0          0         68   __main.o
       104          0          0          0          0         84   __printf.o
        14          0          0          0          0         68   __printf_wp.o
         0          0          0          0          0          0   __rtentry.o
        12          0          0          0          0          0   __rtentry2.o
         6          0          0          0          0          0   __rtentry4.o
        52          8          0          0          0          0   __scatter.o
        26          0          0          0          0          0   __scatter_copy.o
        28          0          0          0          0          0   __scatter_zi.o
        28          0          0          0          0         68   _chval.o
        48          6          0          0          0         96   _printf_char_common.o
         6          0          0          0          0          0   _printf_f.o
      1054          0          0          0          0        216   _printf_fp_dec.o
       128         16          0          0          0         84   _printf_fp_infnan.o
         0          0          0          0          0          0   _printf_percent.o
         4          0          0          0          0          0   _printf_percent_end.o
        22          0          0          0          0        100   _rserrno.o
        64          0          0          0          0         84   _sgetc.o
        10          0          0          0          0         68   _sputc.o
       228          4        148          0          0         96   bigflt0.o
      2152        136          0          0          0        960   btod.o
        18          0          0          0          0         80   exit.o
         6          0          0          0          0        152   heapauxi.o
         0          0          0          0          0          0   indicate_semi.o
        18          0          0          0          0         76   isspace.o
        44         10        272          0          0         76   lc_ctype_c.o
        44         10         28          0          0         76   lc_numeric_c.o
         2          0          0          0          0          0   libinit.o
        34          0          0          0          0          0   libinit2.o
         2          0          0          0          0          0   libshutdown.o
         2          0          0          0          0          0   libshutdown2.o
         8          4          0          0         96         68   libspace.o
        38          0          0          0          0         68   llshl.o
       138          0          0          0          0         80   lludiv10.o
       238          0          0          0          0        100   lludivv7m.o
        40          6          0          0          0         84   noretval__2sprintf.o
        16          4          0          0          0         76   rt_ctype_table.o
         8          4          0          0          0         68   rt_errno_addr_intlibspace.o
         8          4          0          0          0         68   rt_locale_intlibspace.o
        68          0          0          0          0         68   rt_memclr.o
        78          0          0          0          0         80   rt_memclr_w.o
       138          0          0          0          0         68   rt_memcpy_v6.o
       100          0          0          0          0         80   rt_memcpy_w.o
         2          0          0          0          0          0   rtexit.o
        10          0          0          0          0          0   rtexit2.o
      1272         16          0          0          0        168   scanf_fp.o
       800         14          0          0          0        100   scanf_hexfp.o
       308         16          0          0          0        100   scanf_infnan.o
       104          0          0          0          0         68   strcmpv7m_pel.o
       164         14          0          0          0        120   strtod.o
        12          4          0          0          0         68   sys_exit.o
        74          0          0          0          0         80   sys_stackheap_outer.o
         2          0          0          0          0         68   use_no_semi.o
        16          4          0          0          0        116   dcheck1.o
       156          4          0          0          0        140   dnaninf.o
       180          4          0          0          0        128   drnd.o
         0          0         16          0          0          0   fpconst.o
        10          0          0          0          0        116   fpinit.o
         6          0          0          0          0        116   istatus.o
         4          0          0          0          0        116   printf1.o
       100          0          0          0          0        116   retnan.o
        92          0          0          0          0        116   scalbn.o
         4          0          0          0          0        116   scanf1.o
         8          0          0          0          0        132   scanf2.o
        48          0          0          0          0        116   trapv.o
         0          0          0          0          0          0   usenofp.o
        56         12          0          0          0        132   atof.o
        48         28          0          0          0        232   dunder.o
        48          0          0          0          0        124   fpclassify.o
       140         22          0          0          0        128   frexp.o
       184         14          0          0          0        156   ldexp.o
       238         26          0          0          0        304   narrow.o
       160         24          0          0          0        132   round.o

    ----------------------------------------------------------------------
      9404        418        464          0        100       6668   Library Totals
        26          4          0          0          4          0   (incl. Padding)

    ----------------------------------------------------------------------

      Code (inc. data)   RO Data    RW Data    ZI Data      Debug   Library Name

      7880        276        448          0         96       4132   c_w.l
       624         12         16          0          0       1328   fz_wv.l
       874        126          0          0          0       1208   m_wv.l

    ----------------------------------------------------------------------
      9404        418        464          0        100       6668   Library Totals

    ----------------------------------------------------------------------

==============================================================================


      Code (inc. data)   RO Data    RW Data    ZI Data      Debug   

     48504       2070       1340       5760       9236    1499957   Grand Totals
     48504       2070       1340        532       9236    1499957   ELF Image Totals (compressed)
     48504       2070       1340        532          0          0   ROM Totals

==============================================================================

    Total RO  Size (Code + RO Data)                49844 (  48.68kB)
    Total RW  Size (RW Data + ZI Data)             14996 (  14.64kB)
    Total ROM Size (Code + RO Data + RW Data)      50376 (  49.20kB)

==============================================================================

